Archive member included to satisfy reference by file (symbol)

/home/bdang/toolchains/gcc-arm-none-eabi-14.3/bin/../lib/gcc/arm-none-eabi/14.3.1/../../../../arm-none-eabi/lib/thumb/v7e-m+fp/hard/libc_nano.a(libc_a-exit.o)
                              /home/bdang/toolchains/gcc-arm-none-eabi-14.3/bin/../lib/gcc/arm-none-eabi/14.3.1/../../../../arm-none-eabi/lib/thumb/v7e-m+fp/hard/crt0.o (exit)
/home/bdang/toolchains/gcc-arm-none-eabi-14.3/bin/../lib/gcc/arm-none-eabi/14.3.1/../../../../arm-none-eabi/lib/thumb/v7e-m+fp/hard/libc_nano.a(libc_a-findfp.o)
                              /home/bdang/toolchains/gcc-arm-none-eabi-14.3/bin/../lib/gcc/arm-none-eabi/14.3.1/../../../../arm-none-eabi/lib/thumb/v7e-m+fp/hard/libc_nano.a(libc_a-exit.o) (__stdio_exit_handler)
/home/bdang/toolchains/gcc-arm-none-eabi-14.3/bin/../lib/gcc/arm-none-eabi/14.3.1/../../../../arm-none-eabi/lib/thumb/v7e-m+fp/hard/libc_nano.a(libc_a-fwalk.o)
                              /home/bdang/toolchains/gcc-arm-none-eabi-14.3/bin/../lib/gcc/arm-none-eabi/14.3.1/../../../../arm-none-eabi/lib/thumb/v7e-m+fp/hard/libc_nano.a(libc_a-findfp.o) (_fwalk_sglue)
/home/bdang/toolchains/gcc-arm-none-eabi-14.3/bin/../lib/gcc/arm-none-eabi/14.3.1/../../../../arm-none-eabi/lib/thumb/v7e-m+fp/hard/libc_nano.a(libc_a-stdio.o)
                              /home/bdang/toolchains/gcc-arm-none-eabi-14.3/bin/../lib/gcc/arm-none-eabi/14.3.1/../../../../arm-none-eabi/lib/thumb/v7e-m+fp/hard/libc_nano.a(libc_a-findfp.o) (__sread)
/home/bdang/toolchains/gcc-arm-none-eabi-14.3/bin/../lib/gcc/arm-none-eabi/14.3.1/../../../../arm-none-eabi/lib/thumb/v7e-m+fp/hard/libc_nano.a(libc_a-memset.o)
                              /home/bdang/toolchains/gcc-arm-none-eabi-14.3/bin/../lib/gcc/arm-none-eabi/14.3.1/../../../../arm-none-eabi/lib/thumb/v7e-m+fp/hard/crt0.o (memset)
/home/bdang/toolchains/gcc-arm-none-eabi-14.3/bin/../lib/gcc/arm-none-eabi/14.3.1/../../../../arm-none-eabi/lib/thumb/v7e-m+fp/hard/libc_nano.a(libc_a-closer.o)
                              /home/bdang/toolchains/gcc-arm-none-eabi-14.3/bin/../lib/gcc/arm-none-eabi/14.3.1/../../../../arm-none-eabi/lib/thumb/v7e-m+fp/hard/libc_nano.a(libc_a-stdio.o) (_close_r)
/home/bdang/toolchains/gcc-arm-none-eabi-14.3/bin/../lib/gcc/arm-none-eabi/14.3.1/../../../../arm-none-eabi/lib/thumb/v7e-m+fp/hard/libc_nano.a(libc_a-reent.o)
                              /home/bdang/toolchains/gcc-arm-none-eabi-14.3/bin/../lib/gcc/arm-none-eabi/14.3.1/../../../../arm-none-eabi/lib/thumb/v7e-m+fp/hard/libc_nano.a(libc_a-closer.o) (errno)
/home/bdang/toolchains/gcc-arm-none-eabi-14.3/bin/../lib/gcc/arm-none-eabi/14.3.1/../../../../arm-none-eabi/lib/thumb/v7e-m+fp/hard/libc_nano.a(libc_a-impure.o)
                              /home/bdang/toolchains/gcc-arm-none-eabi-14.3/bin/../lib/gcc/arm-none-eabi/14.3.1/../../../../arm-none-eabi/lib/thumb/v7e-m+fp/hard/libc_nano.a(libc_a-reent.o) (_impure_ptr)
/home/bdang/toolchains/gcc-arm-none-eabi-14.3/bin/../lib/gcc/arm-none-eabi/14.3.1/../../../../arm-none-eabi/lib/thumb/v7e-m+fp/hard/libc_nano.a(libc_a-lseekr.o)
                              /home/bdang/toolchains/gcc-arm-none-eabi-14.3/bin/../lib/gcc/arm-none-eabi/14.3.1/../../../../arm-none-eabi/lib/thumb/v7e-m+fp/hard/libc_nano.a(libc_a-stdio.o) (_lseek_r)
/home/bdang/toolchains/gcc-arm-none-eabi-14.3/bin/../lib/gcc/arm-none-eabi/14.3.1/../../../../arm-none-eabi/lib/thumb/v7e-m+fp/hard/libc_nano.a(libc_a-readr.o)
                              /home/bdang/toolchains/gcc-arm-none-eabi-14.3/bin/../lib/gcc/arm-none-eabi/14.3.1/../../../../arm-none-eabi/lib/thumb/v7e-m+fp/hard/libc_nano.a(libc_a-stdio.o) (_read_r)
/home/bdang/toolchains/gcc-arm-none-eabi-14.3/bin/../lib/gcc/arm-none-eabi/14.3.1/../../../../arm-none-eabi/lib/thumb/v7e-m+fp/hard/libc_nano.a(libc_a-writer.o)
                              /home/bdang/toolchains/gcc-arm-none-eabi-14.3/bin/../lib/gcc/arm-none-eabi/14.3.1/../../../../arm-none-eabi/lib/thumb/v7e-m+fp/hard/libc_nano.a(libc_a-stdio.o) (_write_r)
/home/bdang/toolchains/gcc-arm-none-eabi-14.3/bin/../lib/gcc/arm-none-eabi/14.3.1/../../../../arm-none-eabi/lib/thumb/v7e-m+fp/hard/libc_nano.a(libc_a-init.o)
                              /home/bdang/toolchains/gcc-arm-none-eabi-14.3/bin/../lib/gcc/arm-none-eabi/14.3.1/../../../../arm-none-eabi/lib/thumb/v7e-m+fp/hard/crt0.o (__libc_init_array)
/home/bdang/toolchains/gcc-arm-none-eabi-14.3/bin/../lib/gcc/arm-none-eabi/14.3.1/../../../../arm-none-eabi/lib/thumb/v7e-m+fp/hard/libc_nano.a(libc_a-lock.o)
                              /home/bdang/toolchains/gcc-arm-none-eabi-14.3/bin/../lib/gcc/arm-none-eabi/14.3.1/../../../../arm-none-eabi/lib/thumb/v7e-m+fp/hard/libc_nano.a(libc_a-findfp.o) (__retarget_lock_init_recursive)
/home/bdang/toolchains/gcc-arm-none-eabi-14.3/bin/../lib/gcc/arm-none-eabi/14.3.1/../../../../arm-none-eabi/lib/thumb/v7e-m+fp/hard/libc_nano.a(libc_a-memcpy-stub.o)
                              z_build/y_thirdparty/lwrb/lwrb.o (memcpy)
[...]
Memory Configuration

Name             Origin             Length             Attributes
FLASH            0x08000000         0x00040000         xr
RAM              0x20000000         0x00010000         xrw
MEMORY_B1        0x60000000         0x00000000         xr
CCMRAM           0x10000000         0x00010000         rw
*default*        0x00000000         0xffffffff

Linker script and memory map

LOAD /home/bdang/toolchains/gcc-arm-none-eabi-14.3/bin/../lib/gcc/arm-none-eabi/14.3.1/thumb/v7e-m+fp/hard/crti.o
LOAD /home/bdang/toolchains/gcc-arm-none-eabi-14.3/bin/../lib/gcc/arm-none-eabi/14.3.1/thumb/v7e-m+fp/hard/crtbegin.o
LOAD /home/bdang/toolchains/gcc-arm-none-eabi-14.3/bin/../lib/gcc/arm-none-eabi/14.3.1/../../../../arm-none-eabi/lib/thumb/v7e-m+fp/hard/crt0.o
LOAD z_build/a_application/stm32f4xx_it.o
LOAD z_build/c_hardware/Device/src/tiny_printf.o
LOAD z_build/c_hardware/Device/src/system_stm32f4xx.o
LOAD z_build/c_hardware/Device/src/modem_hw.o
LOAD z_build/c_hardware/SPL/src/stm32f4xx_cryp_des.o
LOAD z_build/c_hardware/SPL/src/stm32f4xx_cryp.o
LOAD z_build/c_hardware/SPL/src/stm32f4xx_usart.o
LOAD z_build/c_hardware/SPL/src/stm32f4xx_can.o
LOAD z_build/c_hardware/SPL/src/stm32f4xx_sdio.o
LOAD z_build/c_hardware/SPL/src/stm32f4xx_rcc.o
LOAD z_build/c_hardware/SPL/src/stm32f4xx_pwr.o
LOAD z_build/c_hardware/SPL/src/stm32f4xx_iwdg.o
LOAD z_build/c_hardware/SPL/src/stm32f4xx_gpio.o
LOAD z_build/c_hardware/SPL/src/stm32f4xx_tim.o
LOAD z_build/c_hardware/SPL/src/misc.o
LOAD z_build/c_hardware/SPL/src/stm32f4xx_exti.o
LOAD z_build/c_hardware/SPL/src/stm32f4xx_cryp_aes.o
LOAD z_build/c_hardware/SPL/src/stm32f4xx_fsmc.o
LOAD z_build/c_hardware/SPL/src/stm32f4xx_hash.o
LOAD z_build/c_hardware/SPL/src/stm32f4xx_wwdg.o
LOAD z_build/c_hardware/SPL/src/stm32f4xx_dcmi.o
LOAD z_build/c_hardware/SPL/src/stm32f4xx_i2c.o
LOAD z_build/c_hardware/SPL/src/stm32f4xx_flash.o
LOAD z_build/c_hardware/SPL/src/stm32f4xx_crc.o
LOAD z_build/c_hardware/SPL/src/stm32f4xx_dbgmcu.o
LOAD z_build/c_hardware/SPL/src/stm32f4xx_syscfg.o
LOAD z_build/c_hardware/SPL/src/stm32f4xx_spi.o
LOAD z_build/c_hardware/SPL/src/stm32f4xx_dma.o
LOAD z_build/c_hardware/SPL/src/stm32f4xx_dac.o
LOAD z_build/c_hardware/SPL/src/stm32f4xx_adc.o
LOAD z_build/c_hardware/SPL/src/stm32f4xx_hash_sha1.o
LOAD z_build/c_hardware/SPL/src/stm32f4xx_rtc.o
LOAD z_build/c_hardware/SPL/src/stm32f4xx_cryp_tdes.o
LOAD z_build/c_hardware/SPL/src/stm32f4xx_hash_md5.o
LOAD z_build/c_hardware/SPL/src/stm32f4xx_rng.o
LOAD z_build/c_hardware/HAL/src/gpio_api.o
LOAD z_build/c_hardware/HAL/src/button_api.o
LOAD z_build/c_hardware/HAL/src/clock_api.o
LOAD z_build/c_hardware/HAL/src/systick_api.o
LOAD z_build/c_hardware/HAL/src/exti_api.o
LOAD z_build/c_hardware/HAL/src/usart_api.o
LOAD z_build/y_thirdparty/lwrb/lwrb.o
LOAD z_build/root/main.o
LOAD z_build/startup/startup.o
START GROUP
LOAD /home/bdang/toolchains/gcc-arm-none-eabi-14.3/bin/../lib/gcc/arm-none-eabi/14.3.1/thumb/v7e-m+fp/hard/libgcc.a
LOAD /home/bdang/toolchains/gcc-arm-none-eabi-14.3/bin/../lib/gcc/arm-none-eabi/14.3.1/../../../../arm-none-eabi/lib/thumb/v7e-m+fp/hard/libc_nano.a
END GROUP
START GROUP
LOAD /home/bdang/toolchains/gcc-arm-none-eabi-14.3/bin/../lib/gcc/arm-none-eabi/14.3.1/thumb/v7e-m+fp/hard/libgcc.a
LOAD /home/bdang/toolchains/gcc-arm-none-eabi-14.3/bin/../lib/gcc/arm-none-eabi/14.3.1/../../../../arm-none-eabi/lib/thumb/v7e-m+fp/hard/libc_nano.a
LOAD /home/bdang/toolchains/gcc-arm-none-eabi-14.3/bin/../lib/gcc/arm-none-eabi/14.3.1/../../../../arm-none-eabi/lib/thumb/v7e-m+fp/hard/libnosys.a
END GROUP
START GROUP
LOAD /home/bdang/toolchains/gcc-arm-none-eabi-14.3/bin/../lib/gcc/arm-none-eabi/14.3.1/thumb/v7e-m+fp/hard/libgcc.a
LOAD /home/bdang/toolchains/gcc-arm-none-eabi-14.3/bin/../lib/gcc/arm-none-eabi/14.3.1/../../../../arm-none-eabi/lib/thumb/v7e-m+fp/hard/libc_nano.a
LOAD /home/bdang/toolchains/gcc-arm-none-eabi-14.3/bin/../lib/gcc/arm-none-eabi/14.3.1/../../../../arm-none-eabi/lib/thumb/v7e-m+fp/hard/libnosys.a
END GROUP
LOAD /home/bdang/toolchains/gcc-arm-none-eabi-14.3/bin/../lib/gcc/arm-none-eabi/14.3.1/thumb/v7e-m+fp/hard/crtend.o
LOAD /home/bdang/toolchains/gcc-arm-none-eabi-14.3/bin/../lib/gcc/arm-none-eabi/14.3.1/thumb/v7e-m+fp/hard/crtn.o
                0x20010000                        _estack = 0x20010000
                0x00000000                        _Min_Heap_Size = 0x0
                0x00000200                        _Min_Stack_Size = 0x200

.isr_vector     0x08000000      0x188
                0x08000000                        . = ALIGN (0x4)
 *(.isr_vector)
 .isr_vector    0x08000000      0x188 z_build/startup/startup.o
                0x08000000                g_pfnVectors
                0x08000188                        . = ALIGN (0x4)

.text           0x08000188      0x314
                0x08000188                        . = ALIGN (0x4)
 *(.text)
 *(.text*)
 .text.deregister_tm_clones
                0x08000188       0x1c /home/bdang/toolchains/gcc-arm-none-eabi-14.3/bin/../lib/gcc/arm-none-eabi/14.3.1/thumb/v7e-m+fp/hard/crtbegin.o
 .text.register_tm_clones
                0x080001a4       0x24 /home/bdang/toolchains/gcc-arm-none-eabi-14.3/bin/../lib/gcc/arm-none-eabi/14.3.1/thumb/v7e-m+fp/hard/crtbegin.o
 .text.__do_global_dtors_aux
                0x080001c8       0x28 /home/bdang/toolchains/gcc-arm-none-eabi-14.3/bin/../lib/gcc/arm-none-eabi/14.3.1/thumb/v7e-m+fp/hard/crtbegin.o
 .text.frame_dummy
                0x080001f0       0x24 /home/bdang/toolchains/gcc-arm-none-eabi-14.3/bin/../lib/gcc/arm-none-eabi/14.3.1/thumb/v7e-m+fp/hard/crtbegin.o
 .text.NMI_Handler
                0x08000214        0xe z_build/a_application/stm32f4xx_it.o
                0x08000214                NMI_Handler
 .text.HardFault_Handler
                0x08000222        0x8 z_build/a_application/stm32f4xx_it.o
                0x08000222                HardFault_Handler
 .text.MemManage_Handler
                0x0800022a        0x8 z_build/a_application/stm32f4xx_it.o
                0x0800022a                MemManage_Handler
 .text.BusFault_Handler
                0x08000232        0x8 z_build/a_application/stm32f4xx_it.o
                0x08000232                BusFault_Handler
 .text.UsageFault_Handler
                0x0800023a        0x8 z_build/a_application/stm32f4xx_it.o
                0x0800023a                UsageFault_Handler
 .text.SVC_Handler
                0x08000242        0xe z_build/a_application/stm32f4xx_it.o
                0x08000242                SVC_Handler
 .text.DebugMon_Handler
                0x08000250        0xe z_build/a_application/stm32f4xx_it.o
                0x08000250                DebugMon_Handler
 .text.PendSV_Handler
                0x0800025e        0xe z_build/a_application/stm32f4xx_it.o
                0x0800025e                PendSV_Handler
 .text.SysTick_Handler
                0x0800026c        0xe z_build/a_application/stm32f4xx_it.o
                0x0800026c                SysTick_Handler
 *fill*         0x0800027a        0x2 
 .text.SystemInit
                0x0800027c       0x6c z_build/c_hardware/Device/src/system_stm32f4xx.o
                0x0800027c                SystemInit
 .text.SetSysClock
                0x080002e8       0xf8 z_build/c_hardware/Device/src/system_stm32f4xx.o
 .text.main     0x080003e0        0x8 z_build/root/main.o
                0x080003e0                main
 .text.Reset_Handler
                0x080003e8       0x50 z_build/startup/startup.o
                0x080003e8                Reset_Handler
 .text.Default_Handler
                0x08000438        0x2 z_build/startup/startup.o
                0x08000438                RTC_Alarm_IRQHandler
                0x08000438                HASH_RNG_IRQHandler
                0x08000438                EXTI2_IRQHandler
                0x08000438                TIM8_CC_IRQHandler
                0x08000438                TIM1_CC_IRQHandler
                0x08000438                DMA2_Stream5_IRQHandler
                0x08000438                DMA1_Stream5_IRQHandler
                0x08000438                PVD_IRQHandler
                0x08000438                SDIO_IRQHandler
                0x08000438                TAMP_STAMP_IRQHandler
                0x08000438                CAN2_RX1_IRQHandler
                0x08000438                EXTI3_IRQHandler
                0x08000438                TIM8_TRG_COM_TIM14_IRQHandler
                0x08000438                TIM1_UP_TIM10_IRQHandler
                0x08000438                TIM8_UP_TIM13_IRQHandler
                0x08000438                I2C3_ER_IRQHandler
                0x08000438                EXTI0_IRQHandler
                0x08000438                I2C2_EV_IRQHandler
                0x08000438                DMA1_Stream2_IRQHandler
                0x08000438                CAN1_RX0_IRQHandler
                0x08000438                FPU_IRQHandler
                0x08000438                OTG_HS_WKUP_IRQHandler
                0x08000438                CAN2_SCE_IRQHandler
                0x08000438                DMA2_Stream2_IRQHandler
                0x08000438                SPI1_IRQHandler
                0x08000438                TIM6_DAC_IRQHandler
                0x08000438                TIM1_BRK_TIM9_IRQHandler
                0x08000438                DCMI_IRQHandler
                0x08000438                CAN2_RX0_IRQHandler
                0x08000438                DMA2_Stream3_IRQHandler
                0x08000438                USART6_IRQHandler
                0x08000438                USART3_IRQHandler
                0x08000438                CRYP_IRQHandler
                0x08000438                CAN1_RX1_IRQHandler
                0x08000438                UART5_IRQHandler
                0x08000438                DMA2_Stream0_IRQHandler
                0x08000438                TIM4_IRQHandler
                0x08000438                I2C1_EV_IRQHandler
                0x08000438                DMA1_Stream6_IRQHandler
                0x08000438                DMA1_Stream1_IRQHandler
                0x08000438                UART4_IRQHandler
                0x08000438                TIM3_IRQHandler
                0x08000438                RCC_IRQHandler
                0x08000438                TIM8_BRK_TIM12_IRQHandler
                0x08000438                Default_Handler
                0x08000438                EXTI15_10_IRQHandler
                0x08000438                ADC_IRQHandler
                0x08000438                DMA1_Stream7_IRQHandler
                0x08000438                TIM7_IRQHandler
                0x08000438                CAN2_TX_IRQHandler
                0x08000438                TIM5_IRQHandler
                0x08000438                DMA2_Stream7_IRQHandler
                0x08000438                I2C3_EV_IRQHandler
                0x08000438                EXTI9_5_IRQHandler
                0x08000438                RTC_WKUP_IRQHandler
                0x08000438                ETH_WKUP_IRQHandler
                0x08000438                SPI2_IRQHandler
                0x08000438                OTG_HS_EP1_IN_IRQHandler
                0x08000438                DMA1_Stream0_IRQHandler
                0x08000438                CAN1_TX_IRQHandler
                0x08000438                EXTI4_IRQHandler
                0x08000438                FSMC_IRQHandler
                0x08000438                ETH_IRQHandler
                0x08000438                OTG_HS_EP1_OUT_IRQHandler
                0x08000438                WWDG_IRQHandler
                0x08000438                TIM2_IRQHandler
                0x08000438                OTG_FS_WKUP_IRQHandler
                0x08000438                TIM1_TRG_COM_TIM11_IRQHandler
                0x08000438                OTG_HS_IRQHandler
                0x08000438                EXTI1_IRQHandler
                0x08000438                USART2_IRQHandler
                0x08000438                I2C2_ER_IRQHandler
                0x08000438                DMA2_Stream1_IRQHandler
                0x08000438                CAN1_SCE_IRQHandler
                0x08000438                FLASH_IRQHandler
                0x08000438                DMA2_Stream4_IRQHandler
                0x08000438                USART1_IRQHandler
                0x08000438                OTG_FS_IRQHandler
                0x08000438                SPI3_IRQHandler
                0x08000438                DMA1_Stream4_IRQHandler
                0x08000438                I2C1_ER_IRQHandler
                0x08000438                DMA2_Stream6_IRQHandler
                0x08000438                DMA1_Stream3_IRQHandler
 *fill*         0x0800043a        0x2 
 .text.__libc_init_array
                0x0800043c       0x48 /home/bdang/toolchains/gcc-arm-none-eabi-14.3/bin/../lib/gcc/arm-none-eabi/14.3.1/../../../../arm-none-eabi/lib/thumb/v7e-m+fp/hard/libc_nano.a(libc_a-init.o)
                0x0800043c                __libc_init_array
 *(.glue_7)
 .glue_7        0x08000484        0x0 linker stubs
 *(.glue_7t)
 .glue_7t       0x08000484        0x0 linker stubs
 *(.eh_frame)
 .eh_frame      0x08000484        0x0 /home/bdang/toolchains/gcc-arm-none-eabi-14.3/bin/../lib/gcc/arm-none-eabi/14.3.1/thumb/v7e-m+fp/hard/crtbegin.o
 *(.init)
 .init          0x08000484        0x4 /home/bdang/toolchains/gcc-arm-none-eabi-14.3/bin/../lib/gcc/arm-none-eabi/14.3.1/thumb/v7e-m+fp/hard/crti.o
                0x08000484                _init
 .init          0x08000488        0x8 /home/bdang/toolchains/gcc-arm-none-eabi-14.3/bin/../lib/gcc/arm-none-eabi/14.3.1/thumb/v7e-m+fp/hard/crtn.o
 *(.fini)
 .fini          0x08000490        0x4 /home/bdang/toolchains/gcc-arm-none-eabi-14.3/bin/../lib/gcc/arm-none-eabi/14.3.1/thumb/v7e-m+fp/hard/crti.o
                0x08000490                _fini
 .fini          0x08000494        0x8 /home/bdang/toolchains/gcc-arm-none-eabi-14.3/bin/../lib/gcc/arm-none-eabi/14.3.1/thumb/v7e-m+fp/hard/crtn.o
                0x0800049c                        . = ALIGN (0x4)
                0x0800049c                        _etext = .

.vfp11_veneer   0x0800049c        0x0
 .vfp11_veneer  0x0800049c        0x0 linker stubs

.v4_bx          0x0800049c        0x0
 .v4_bx         0x0800049c        0x0 linker stubs

.iplt           0x0800049c        0x0
 .iplt          0x0800049c        0x0 /home/bdang/toolchains/gcc-arm-none-eabi-14.3/bin/../lib/gcc/arm-none-eabi/14.3.1/thumb/v7e-m+fp/hard/crtbegin.o

.rel.dyn        0x0800049c        0x0
 .rel.iplt      0x0800049c        0x0 /home/bdang/toolchains/gcc-arm-none-eabi-14.3/bin/../lib/gcc/arm-none-eabi/14.3.1/thumb/v7e-m+fp/hard/crtbegin.o

.rodata         0x0800049c        0x0
                0x0800049c                        . = ALIGN (0x4)
 *(.rodata)
 *(.rodata*)
                0x0800049c                        . = ALIGN (0x4)

.ARM.extab
 *(.ARM.extab* .gnu.linkonce.armextab.*)

.ARM            0x0800049c        0x0
                0x0800049c                        __exidx_start = .
 *(.ARM.exidx*)
                0x0800049c                        __exidx_end = .

.preinit_array  0x0800049c        0x0
                0x0800049c                        PROVIDE (__preinit_array_start = .)
 *(.preinit_array*)
                0x0800049c                        PROVIDE (__preinit_array_end = .)

.init_array     0x0800049c        0x4
                0x0800049c                        PROVIDE (__init_array_start = .)
 *(SORT_BY_NAME(.init_array.*))
 *(.init_array*)
 .init_array    0x0800049c        0x4 /home/bdang/toolchains/gcc-arm-none-eabi-14.3/bin/../lib/gcc/arm-none-eabi/14.3.1/thumb/v7e-m+fp/hard/crtbegin.o
                0x080004a0                        PROVIDE (__init_array_end = .)

.fini_array     0x080004a0        0x4
                [!provide]                        PROVIDE (__fini_array_start = .)
 *(SORT_BY_NAME(.fini_array.*))
 *(.fini_array*)
 .fini_array    0x080004a0        0x4 /home/bdang/toolchains/gcc-arm-none-eabi-14.3/bin/../lib/gcc/arm-none-eabi/14.3.1/thumb/v7e-m+fp/hard/crtbegin.o
                [!provide]                        PROVIDE (__fini_array_end = .)
                0x080004a4                        _sidata = LOADADDR (.data)

.data           0x20000000        0x0 load address 0x080004a4
                0x20000000                        . = ALIGN (0x4)
                0x20000000                        _sdata = .
 *(.data)
 *(.data*)
                0x20000000                        . = ALIGN (0x4)
                0x20000000                        _edata = .
                0x080004a4                        _siccmram = LOADADDR (.ccmram)

.tm_clone_table
                0x20000000        0x0 load address 0x080004a4
 .tm_clone_table
                0x20000000        0x0 /home/bdang/toolchains/gcc-arm-none-eabi-14.3/bin/../lib/gcc/arm-none-eabi/14.3.1/thumb/v7e-m+fp/hard/crtbegin.o
 .tm_clone_table
                0x20000000        0x0 /home/bdang/toolchains/gcc-arm-none-eabi-14.3/bin/../lib/gcc/arm-none-eabi/14.3.1/thumb/v7e-m+fp/hard/crtend.o

.igot.plt       0x20000000        0x0 load address 0x080004a4
 .igot.plt      0x20000000        0x0 /home/bdang/toolchains/gcc-arm-none-eabi-14.3/bin/../lib/gcc/arm-none-eabi/14.3.1/thumb/v7e-m+fp/hard/crtbegin.o

.ccmram         0x10000000        0x0 load address 0x080004a4
                0x10000000                        . = ALIGN (0x4)
                0x10000000                        _sccmram = .
 *(.ccmram)
 *(.ccmram*)
                0x10000000                        . = ALIGN (0x4)
                0x10000000                        _eccmram = .
                0x10000000                        . = ALIGN (0x4)

.bss            0x20000000       0x1c
                0x20000000                        _sbss = .
                0x20000000                        __bss_start__ = _sbss
 *(.bss)
 *(.bss*)
 .bss.completed.1
                0x20000000        0x1 /home/bdang/toolchains/gcc-arm-none-eabi-14.3/bin/../lib/gcc/arm-none-eabi/14.3.1/thumb/v7e-m+fp/hard/crtbegin.o
 *fill*         0x20000001        0x3 
 .bss.object.0  0x20000004       0x18 /home/bdang/toolchains/gcc-arm-none-eabi-14.3/bin/../lib/gcc/arm-none-eabi/14.3.1/thumb/v7e-m+fp/hard/crtbegin.o
 *(COMMON)
                0x2000001c                        . = ALIGN (0x4)
                0x2000001c                        _ebss = .
                0x2000001c                        __bss_end__ = _ebss

._user_heap_stack
                0x2000001c      0x200
                0x2000001c                        . = ALIGN (0x4)
                0x2000001c                        PROVIDE (end = .)
                [!provide]                        PROVIDE (_end = .)
                0x2000001c                        . = (. + _Min_Heap_Size)
                0x2000021c                        . = (. + _Min_Stack_Size)
 *fill*         0x2000001c      0x200 
                0x2000021c                        . = ALIGN (0x4)

.memory_b1_text
 *(.mb1text)
 *(.mb1text*)
 *(.mb1rodata)
 *(.mb1rodata*)

/DISCARD/
 libc.a(*)
 libm.a(*)
 libgcc.a(*)

.ARM.attributes
                0x00000000       0x30
 *(.ARM.attributes)
 .ARM.attributes
                0x00000000       0x22 /home/bdang/toolchains/gcc-arm-none-eabi-14.3/bin/../lib/gcc/arm-none-eabi/14.3.1/thumb/v7e-m+fp/hard/crti.o
 .ARM.attributes
                0x00000022       0x34 /home/bdang/toolchains/gcc-arm-none-eabi-14.3/bin/../lib/gcc/arm-none-eabi/14.3.1/thumb/v7e-m+fp/hard/crtbegin.o
 .ARM.attributes
                0x00000056       0x34 z_build/a_application/stm32f4xx_it.o
 .ARM.attributes
                0x0000008a       0x34 z_build/c_hardware/Device/src/system_stm32f4xx.o
 .ARM.attributes
                0x000000be       0x34 z_build/root/main.o
 .ARM.attributes
                0x000000f2       0x21 z_build/startup/startup.o
 .ARM.attributes
                0x00000113       0x34 /home/bdang/toolchains/gcc-arm-none-eabi-14.3/bin/../lib/gcc/arm-none-eabi/14.3.1/../../../../arm-none-eabi/lib/thumb/v7e-m+fp/hard/libc_nano.a(libc_a-init.o)
 .ARM.attributes
                0x00000147       0x34 /home/bdang/toolchains/gcc-arm-none-eabi-14.3/bin/../lib/gcc/arm-none-eabi/14.3.1/thumb/v7e-m+fp/hard/crtend.o
 .ARM.attributes
                0x0000017b       0x22 /home/bdang/toolchains/gcc-arm-none-eabi-14.3/bin/../lib/gcc/arm-none-eabi/14.3.1/thumb/v7e-m+fp/hard/crtn.o
OUTPUT(z_build/noma.elf elf32-littlearm)
LOAD linker stubs
LOAD /home/bdang/toolchains/gcc-arm-none-eabi-14.3/bin/../lib/gcc/arm-none-eabi/14.3.1/../../../../arm-none-eabi/lib/thumb/v7e-m+fp/hard/libc.a
LOAD /home/bdang/toolchains/gcc-arm-none-eabi-14.3/bin/../lib/gcc/arm-none-eabi/14.3.1/../../../../arm-none-eabi/lib/thumb/v7e-m+fp/hard/libm.a
LOAD /home/bdang/toolchains/gcc-arm-none-eabi-14.3/bin/../lib/gcc/arm-none-eabi/14.3.1/thumb/v7e-m+fp/hard/libgcc.a

.debug_info     0x00000000      0x776
 .debug_info    0x00000000      0x101 z_build/a_application/stm32f4xx_it.o
 .debug_info    0x00000101      0x5be z_build/c_hardware/Device/src/system_stm32f4xx.o
 .debug_info    0x000006bf       0x87 z_build/root/main.o
 .debug_info    0x00000746       0x30 z_build/startup/startup.o

.debug_abbrev   0x00000000      0x21b
 .debug_abbrev  0x00000000       0x47 z_build/a_application/stm32f4xx_it.o
 .debug_abbrev  0x00000047      0x169 z_build/c_hardware/Device/src/system_stm32f4xx.o
 .debug_abbrev  0x000001b0       0x47 z_build/root/main.o
 .debug_abbrev  0x000001f7       0x24 z_build/startup/startup.o

.debug_aranges  0x00000000       0xd8
 .debug_aranges
                0x00000000       0x60 z_build/a_application/stm32f4xx_it.o
 .debug_aranges
                0x00000060       0x30 z_build/c_hardware/Device/src/system_stm32f4xx.o
 .debug_aranges
                0x00000090       0x20 z_build/root/main.o
 .debug_aranges
                0x000000b0       0x28 z_build/startup/startup.o

.debug_rnglists
                0x00000000       0x90
 .debug_rnglists
                0x00000000       0x43 z_build/a_application/stm32f4xx_it.o
 .debug_rnglists
                0x00000043       0x21 z_build/c_hardware/Device/src/system_stm32f4xx.o
 .debug_rnglists
                0x00000064       0x13 z_build/root/main.o
 .debug_rnglists
                0x00000077       0x19 z_build/startup/startup.o

.debug_macro    0x00000000     0xe06d
 .debug_macro   0x00000000      0x1c0 z_build/a_application/stm32f4xx_it.o
 .debug_macro   0x000001c0      0xad8 z_build/a_application/stm32f4xx_it.o
 .debug_macro   0x00000c98       0x5d z_build/a_application/stm32f4xx_it.o
 .debug_macro   0x00000cf5       0x3b z_build/a_application/stm32f4xx_it.o
 .debug_macro   0x00000d30       0x22 z_build/a_application/stm32f4xx_it.o
 .debug_macro   0x00000d52       0x8e z_build/a_application/stm32f4xx_it.o
 .debug_macro   0x00000de0       0x51 z_build/a_application/stm32f4xx_it.o
 .debug_macro   0x00000e31      0x103 z_build/a_application/stm32f4xx_it.o
 .debug_macro   0x00000f34       0x6a z_build/a_application/stm32f4xx_it.o
 .debug_macro   0x00000f9e      0x1df z_build/a_application/stm32f4xx_it.o
 .debug_macro   0x0000117d       0x18 z_build/a_application/stm32f4xx_it.o
 .debug_macro   0x00001195       0x42 z_build/a_application/stm32f4xx_it.o
 .debug_macro   0x000011d7      0xd39 z_build/a_application/stm32f4xx_it.o
 .debug_macro   0x00001f10     0x822c z_build/a_application/stm32f4xx_it.o
 .debug_macro   0x0000a13c      0x44f z_build/a_application/stm32f4xx_it.o
 .debug_macro   0x0000a58b      0x3cf z_build/a_application/stm32f4xx_it.o
 .debug_macro   0x0000a95a      0x144 z_build/a_application/stm32f4xx_it.o
 .debug_macro   0x0000aa9e      0x188 z_build/a_application/stm32f4xx_it.o
 .debug_macro   0x0000ac26       0xb2 z_build/a_application/stm32f4xx_it.o
 .debug_macro   0x0000acd8      0x149 z_build/a_application/stm32f4xx_it.o
 .debug_macro   0x0000ae21      0x477 z_build/a_application/stm32f4xx_it.o
 .debug_macro   0x0000b298       0xae z_build/a_application/stm32f4xx_it.o
 .debug_macro   0x0000b346      0x2f7 z_build/a_application/stm32f4xx_it.o
 .debug_macro   0x0000b63d      0x279 z_build/a_application/stm32f4xx_it.o
 .debug_macro   0x0000b8b6       0xc3 z_build/a_application/stm32f4xx_it.o
 .debug_macro   0x0000b979      0x288 z_build/a_application/stm32f4xx_it.o
 .debug_macro   0x0000bc01      0x2bb z_build/a_application/stm32f4xx_it.o
 .debug_macro   0x0000bebc       0x64 z_build/a_application/stm32f4xx_it.o
 .debug_macro   0x0000bf20       0xae z_build/a_application/stm32f4xx_it.o
 .debug_macro   0x0000bfce      0x57c z_build/a_application/stm32f4xx_it.o
 .debug_macro   0x0000c54a       0x40 z_build/a_application/stm32f4xx_it.o
 .debug_macro   0x0000c58a      0x57b z_build/a_application/stm32f4xx_it.o
 .debug_macro   0x0000cb05      0x342 z_build/a_application/stm32f4xx_it.o
 .debug_macro   0x0000ce47      0x36c z_build/a_application/stm32f4xx_it.o
 .debug_macro   0x0000d1b3       0xe2 z_build/a_application/stm32f4xx_it.o
 .debug_macro   0x0000d295      0x73b z_build/a_application/stm32f4xx_it.o
 .debug_macro   0x0000d9d0      0x223 z_build/a_application/stm32f4xx_it.o
 .debug_macro   0x0000dbf3       0x34 z_build/a_application/stm32f4xx_it.o
 .debug_macro   0x0000dc27       0x82 z_build/a_application/stm32f4xx_it.o
 .debug_macro   0x0000dca9       0x35 z_build/a_application/stm32f4xx_it.o
 .debug_macro   0x0000dcde      0x1d9 z_build/c_hardware/Device/src/system_stm32f4xx.o
 .debug_macro   0x0000deb7      0x1b6 z_build/root/main.o

.debug_line     0x00000000     0x10ad
 .debug_line    0x00000000      0x55d z_build/a_application/stm32f4xx_it.o
 .debug_line    0x0000055d      0x642 z_build/c_hardware/Device/src/system_stm32f4xx.o
 .debug_line    0x00000b9f      0x496 z_build/root/main.o
 .debug_line    0x00001035       0x78 z_build/startup/startup.o

.debug_str      0x00000000    0x599ce
 .debug_str     0x00000000    0x599ce z_build/a_application/stm32f4xx_it.o
                              0x5987b (size before relaxing)
 .debug_str     0x000599ce    0x59a60 z_build/c_hardware/Device/src/system_stm32f4xx.o
 .debug_str     0x000599ce    0x597c8 z_build/root/main.o
 .debug_str     0x000599ce       0x63 z_build/startup/startup.o

.comment        0x00000000       0x46
 .comment       0x00000000       0x46 z_build/a_application/stm32f4xx_it.o
                                 0x47 (size before relaxing)
 .comment       0x00000046       0x47 z_build/c_hardware/Device/src/system_stm32f4xx.o
 .comment       0x00000046       0x47 z_build/root/main.o

.debug_frame    0x00000000      0x1e0
 .debug_frame   0x00000000      0x110 z_build/a_application/stm32f4xx_it.o
 .debug_frame   0x00000110       0x7c z_build/c_hardware/Device/src/system_stm32f4xx.o
 .debug_frame   0x0000018c       0x28 z_build/root/main.o
 .debug_frame   0x000001b4       0x2c /home/bdang/toolchains/gcc-arm-none-eabi-14.3/bin/../lib/gcc/arm-none-eabi/14.3.1/../../../../arm-none-eabi/lib/thumb/v7e-m+fp/hard/libc_nano.a(libc_a-init.o)

.debug_line_str
                0x00000000       0x47
 .debug_line_str
                0x00000000       0x47 z_build/startup/startup.o

Cross Reference Table

Symbol                                            File
ADC_AnalogWatchdogCmd                             z_build/c_hardware/SPL/src/stm32f4xx_adc.o
ADC_AnalogWatchdogSingleChannelConfig             z_build/c_hardware/SPL/src/stm32f4xx_adc.o
ADC_AnalogWatchdogThresholdsConfig                z_build/c_hardware/SPL/src/stm32f4xx_adc.o
ADC_AutoInjectedConvCmd                           z_build/c_hardware/SPL/src/stm32f4xx_adc.o
ADC_ClearFlag                                     z_build/c_hardware/SPL/src/stm32f4xx_adc.o
ADC_ClearITPendingBit                             z_build/c_hardware/SPL/src/stm32f4xx_adc.o
ADC_Cmd                                           z_build/c_hardware/SPL/src/stm32f4xx_adc.o
ADC_CommonInit                                    z_build/c_hardware/SPL/src/stm32f4xx_adc.o
ADC_CommonStructInit                              z_build/c_hardware/SPL/src/stm32f4xx_adc.o
ADC_ContinuousModeCmd                             z_build/c_hardware/SPL/src/stm32f4xx_adc.o
ADC_DMACmd                                        z_build/c_hardware/SPL/src/stm32f4xx_adc.o
ADC_DMARequestAfterLastTransferCmd                z_build/c_hardware/SPL/src/stm32f4xx_adc.o
ADC_DeInit                                        z_build/c_hardware/SPL/src/stm32f4xx_adc.o
ADC_DiscModeChannelCountConfig                    z_build/c_hardware/SPL/src/stm32f4xx_adc.o
ADC_DiscModeCmd                                   z_build/c_hardware/SPL/src/stm32f4xx_adc.o
ADC_EOCOnEachRegularChannelCmd                    z_build/c_hardware/SPL/src/stm32f4xx_adc.o
ADC_ExternalTrigInjectedConvConfig                z_build/c_hardware/SPL/src/stm32f4xx_adc.o
ADC_ExternalTrigInjectedConvEdgeConfig            z_build/c_hardware/SPL/src/stm32f4xx_adc.o
ADC_GetConversionValue                            z_build/c_hardware/SPL/src/stm32f4xx_adc.o
ADC_GetFlagStatus                                 z_build/c_hardware/SPL/src/stm32f4xx_adc.o
ADC_GetITStatus                                   z_build/c_hardware/SPL/src/stm32f4xx_adc.o
ADC_GetInjectedConversionValue                    z_build/c_hardware/SPL/src/stm32f4xx_adc.o
ADC_GetMultiModeConversionValue                   z_build/c_hardware/SPL/src/stm32f4xx_adc.o
ADC_GetSoftwareStartConvStatus                    z_build/c_hardware/SPL/src/stm32f4xx_adc.o
ADC_GetSoftwareStartInjectedConvCmdStatus         z_build/c_hardware/SPL/src/stm32f4xx_adc.o
ADC_IRQHandler                                    z_build/startup/startup.o
ADC_ITConfig                                      z_build/c_hardware/SPL/src/stm32f4xx_adc.o
ADC_Init                                          z_build/c_hardware/SPL/src/stm32f4xx_adc.o
ADC_InjectedChannelConfig                         z_build/c_hardware/SPL/src/stm32f4xx_adc.o
ADC_InjectedDiscModeCmd                           z_build/c_hardware/SPL/src/stm32f4xx_adc.o
ADC_InjectedSequencerLengthConfig                 z_build/c_hardware/SPL/src/stm32f4xx_adc.o
ADC_MultiModeDMARequestAfterLastTransferCmd       z_build/c_hardware/SPL/src/stm32f4xx_adc.o
ADC_RegularChannelConfig                          z_build/c_hardware/SPL/src/stm32f4xx_adc.o
ADC_SetInjectedOffset                             z_build/c_hardware/SPL/src/stm32f4xx_adc.o
ADC_SoftwareStartConv                             z_build/c_hardware/SPL/src/stm32f4xx_adc.o
ADC_SoftwareStartInjectedConv                     z_build/c_hardware/SPL/src/stm32f4xx_adc.o
ADC_StructInit                                    z_build/c_hardware/SPL/src/stm32f4xx_adc.o
ADC_TempSensorVrefintCmd                          z_build/c_hardware/SPL/src/stm32f4xx_adc.o
ADC_VBATCmd                                       z_build/c_hardware/SPL/src/stm32f4xx_adc.o
AHBPrescTable                                     z_build/c_hardware/Device/src/system_stm32f4xx.o
BusFault_Handler                                  z_build/a_application/stm32f4xx_it.o
CAN1_RX0_IRQHandler                               z_build/startup/startup.o
CAN1_RX1_IRQHandler                               z_build/startup/startup.o
CAN1_SCE_IRQHandler                               z_build/startup/startup.o
CAN1_TX_IRQHandler                                z_build/startup/startup.o
CAN2_RX0_IRQHandler                               z_build/startup/startup.o
CAN2_RX1_IRQHandler                               z_build/startup/startup.o
CAN2_SCE_IRQHandler                               z_build/startup/startup.o
CAN2_TX_IRQHandler                                z_build/startup/startup.o
CAN_CancelTransmit                                z_build/c_hardware/SPL/src/stm32f4xx_can.o
CAN_ClearFlag                                     z_build/c_hardware/SPL/src/stm32f4xx_can.o
CAN_ClearITPendingBit                             z_build/c_hardware/SPL/src/stm32f4xx_can.o
CAN_DBGFreeze                                     z_build/c_hardware/SPL/src/stm32f4xx_can.o
CAN_DeInit                                        z_build/c_hardware/SPL/src/stm32f4xx_can.o
CAN_FIFORelease                                   z_build/c_hardware/SPL/src/stm32f4xx_can.o
CAN_FilterInit                                    z_build/c_hardware/SPL/src/stm32f4xx_can.o
CAN_GetFlagStatus                                 z_build/c_hardware/SPL/src/stm32f4xx_can.o
CAN_GetITStatus                                   z_build/c_hardware/SPL/src/stm32f4xx_can.o
CAN_GetLSBTransmitErrorCounter                    z_build/c_hardware/SPL/src/stm32f4xx_can.o
CAN_GetLastErrorCode                              z_build/c_hardware/SPL/src/stm32f4xx_can.o
CAN_GetReceiveErrorCounter                        z_build/c_hardware/SPL/src/stm32f4xx_can.o
CAN_ITConfig                                      z_build/c_hardware/SPL/src/stm32f4xx_can.o
CAN_Init                                          z_build/c_hardware/SPL/src/stm32f4xx_can.o
CAN_MessagePending                                z_build/c_hardware/SPL/src/stm32f4xx_can.o
CAN_OperatingModeRequest                          z_build/c_hardware/SPL/src/stm32f4xx_can.o
CAN_Receive                                       z_build/c_hardware/SPL/src/stm32f4xx_can.o
CAN_SlaveStartBank                                z_build/c_hardware/SPL/src/stm32f4xx_can.o
CAN_Sleep                                         z_build/c_hardware/SPL/src/stm32f4xx_can.o
CAN_StructInit                                    z_build/c_hardware/SPL/src/stm32f4xx_can.o
CAN_TTComModeCmd                                  z_build/c_hardware/SPL/src/stm32f4xx_can.o
CAN_Transmit                                      z_build/c_hardware/SPL/src/stm32f4xx_can.o
CAN_TransmitStatus                                z_build/c_hardware/SPL/src/stm32f4xx_can.o
CAN_WakeUp                                        z_build/c_hardware/SPL/src/stm32f4xx_can.o
CRC_CalcBlockCRC                                  z_build/c_hardware/SPL/src/stm32f4xx_crc.o
CRC_CalcCRC                                       z_build/c_hardware/SPL/src/stm32f4xx_crc.o
CRC_GetCRC                                        z_build/c_hardware/SPL/src/stm32f4xx_crc.o
CRC_GetIDRegister                                 z_build/c_hardware/SPL/src/stm32f4xx_crc.o
CRC_ResetDR                                       z_build/c_hardware/SPL/src/stm32f4xx_crc.o
CRC_SetIDRegister                                 z_build/c_hardware/SPL/src/stm32f4xx_crc.o
CRYP_AES_CBC                                      z_build/c_hardware/SPL/src/stm32f4xx_cryp_aes.o
CRYP_AES_CCM                                      z_build/c_hardware/SPL/src/stm32f4xx_cryp_aes.o
CRYP_AES_CTR                                      z_build/c_hardware/SPL/src/stm32f4xx_cryp_aes.o
CRYP_AES_ECB                                      z_build/c_hardware/SPL/src/stm32f4xx_cryp_aes.o
CRYP_AES_GCM                                      z_build/c_hardware/SPL/src/stm32f4xx_cryp_aes.o
CRYP_Cmd                                          z_build/c_hardware/SPL/src/stm32f4xx_cryp.o
                                                  z_build/c_hardware/SPL/src/stm32f4xx_cryp_tdes.o
                                                  z_build/c_hardware/SPL/src/stm32f4xx_cryp_aes.o
                                                  z_build/c_hardware/SPL/src/stm32f4xx_cryp_des.o
CRYP_DES_CBC                                      z_build/c_hardware/SPL/src/stm32f4xx_cryp_des.o
CRYP_DES_ECB                                      z_build/c_hardware/SPL/src/stm32f4xx_cryp_des.o
CRYP_DMACmd                                       z_build/c_hardware/SPL/src/stm32f4xx_cryp.o
CRYP_DataIn                                       z_build/c_hardware/SPL/src/stm32f4xx_cryp.o
                                                  z_build/c_hardware/SPL/src/stm32f4xx_cryp_tdes.o
                                                  z_build/c_hardware/SPL/src/stm32f4xx_cryp_aes.o
                                                  z_build/c_hardware/SPL/src/stm32f4xx_cryp_des.o
CRYP_DataOut                                      z_build/c_hardware/SPL/src/stm32f4xx_cryp.o
                                                  z_build/c_hardware/SPL/src/stm32f4xx_cryp_tdes.o
                                                  z_build/c_hardware/SPL/src/stm32f4xx_cryp_aes.o
                                                  z_build/c_hardware/SPL/src/stm32f4xx_cryp_des.o
CRYP_DeInit                                       z_build/c_hardware/SPL/src/stm32f4xx_cryp.o
CRYP_FIFOFlush                                    z_build/c_hardware/SPL/src/stm32f4xx_cryp.o
                                                  z_build/c_hardware/SPL/src/stm32f4xx_cryp_tdes.o
                                                  z_build/c_hardware/SPL/src/stm32f4xx_cryp_aes.o
                                                  z_build/c_hardware/SPL/src/stm32f4xx_cryp_des.o
CRYP_GetCmdStatus                                 z_build/c_hardware/SPL/src/stm32f4xx_cryp.o
                                                  z_build/c_hardware/SPL/src/stm32f4xx_cryp_tdes.o
                                                  z_build/c_hardware/SPL/src/stm32f4xx_cryp_aes.o
                                                  z_build/c_hardware/SPL/src/stm32f4xx_cryp_des.o
CRYP_GetFlagStatus                                z_build/c_hardware/SPL/src/stm32f4xx_cryp.o
                                                  z_build/c_hardware/SPL/src/stm32f4xx_cryp_tdes.o
                                                  z_build/c_hardware/SPL/src/stm32f4xx_cryp_aes.o
                                                  z_build/c_hardware/SPL/src/stm32f4xx_cryp_des.o
CRYP_GetITStatus                                  z_build/c_hardware/SPL/src/stm32f4xx_cryp.o
CRYP_IRQHandler                                   z_build/startup/startup.o
CRYP_ITConfig                                     z_build/c_hardware/SPL/src/stm32f4xx_cryp.o
CRYP_IVInit                                       z_build/c_hardware/SPL/src/stm32f4xx_cryp.o
                                                  z_build/c_hardware/SPL/src/stm32f4xx_cryp_tdes.o
                                                  z_build/c_hardware/SPL/src/stm32f4xx_cryp_aes.o
                                                  z_build/c_hardware/SPL/src/stm32f4xx_cryp_des.o
CRYP_IVStructInit                                 z_build/c_hardware/SPL/src/stm32f4xx_cryp.o
CRYP_Init                                         z_build/c_hardware/SPL/src/stm32f4xx_cryp.o
                                                  z_build/c_hardware/SPL/src/stm32f4xx_cryp_tdes.o
                                                  z_build/c_hardware/SPL/src/stm32f4xx_cryp_aes.o
                                                  z_build/c_hardware/SPL/src/stm32f4xx_cryp_des.o
CRYP_KeyInit                                      z_build/c_hardware/SPL/src/stm32f4xx_cryp.o
                                                  z_build/c_hardware/SPL/src/stm32f4xx_cryp_tdes.o
                                                  z_build/c_hardware/SPL/src/stm32f4xx_cryp_aes.o
                                                  z_build/c_hardware/SPL/src/stm32f4xx_cryp_des.o
CRYP_KeyStructInit                                z_build/c_hardware/SPL/src/stm32f4xx_cryp.o
                                                  z_build/c_hardware/SPL/src/stm32f4xx_cryp_tdes.o
                                                  z_build/c_hardware/SPL/src/stm32f4xx_cryp_aes.o
                                                  z_build/c_hardware/SPL/src/stm32f4xx_cryp_des.o
CRYP_PhaseConfig                                  z_build/c_hardware/SPL/src/stm32f4xx_cryp.o
                                                  z_build/c_hardware/SPL/src/stm32f4xx_cryp_aes.o
CRYP_RestoreContext                               z_build/c_hardware/SPL/src/stm32f4xx_cryp.o
CRYP_SaveContext                                  z_build/c_hardware/SPL/src/stm32f4xx_cryp.o
CRYP_StructInit                                   z_build/c_hardware/SPL/src/stm32f4xx_cryp.o
CRYP_TDES_CBC                                     z_build/c_hardware/SPL/src/stm32f4xx_cryp_tdes.o
CRYP_TDES_ECB                                     z_build/c_hardware/SPL/src/stm32f4xx_cryp_tdes.o
DAC_ClearFlag                                     z_build/c_hardware/SPL/src/stm32f4xx_dac.o
DAC_ClearITPendingBit                             z_build/c_hardware/SPL/src/stm32f4xx_dac.o
DAC_Cmd                                           z_build/c_hardware/SPL/src/stm32f4xx_dac.o
DAC_DMACmd                                        z_build/c_hardware/SPL/src/stm32f4xx_dac.o
DAC_DeInit                                        z_build/c_hardware/SPL/src/stm32f4xx_dac.o
DAC_DualSoftwareTriggerCmd                        z_build/c_hardware/SPL/src/stm32f4xx_dac.o
DAC_GetDataOutputValue                            z_build/c_hardware/SPL/src/stm32f4xx_dac.o
DAC_GetFlagStatus                                 z_build/c_hardware/SPL/src/stm32f4xx_dac.o
DAC_GetITStatus                                   z_build/c_hardware/SPL/src/stm32f4xx_dac.o
DAC_ITConfig                                      z_build/c_hardware/SPL/src/stm32f4xx_dac.o
DAC_Init                                          z_build/c_hardware/SPL/src/stm32f4xx_dac.o
DAC_SetChannel1Data                               z_build/c_hardware/SPL/src/stm32f4xx_dac.o
DAC_SetChannel2Data                               z_build/c_hardware/SPL/src/stm32f4xx_dac.o
DAC_SetDualChannelData                            z_build/c_hardware/SPL/src/stm32f4xx_dac.o
DAC_SoftwareTriggerCmd                            z_build/c_hardware/SPL/src/stm32f4xx_dac.o
DAC_StructInit                                    z_build/c_hardware/SPL/src/stm32f4xx_dac.o
DAC_WaveGenerationCmd                             z_build/c_hardware/SPL/src/stm32f4xx_dac.o
DBGMCU_APB1PeriphConfig                           z_build/c_hardware/SPL/src/stm32f4xx_dbgmcu.o
DBGMCU_APB2PeriphConfig                           z_build/c_hardware/SPL/src/stm32f4xx_dbgmcu.o
DBGMCU_Config                                     z_build/c_hardware/SPL/src/stm32f4xx_dbgmcu.o
DBGMCU_GetDEVID                                   z_build/c_hardware/SPL/src/stm32f4xx_dbgmcu.o
DBGMCU_GetREVID                                   z_build/c_hardware/SPL/src/stm32f4xx_dbgmcu.o
DCMI_CROPCmd                                      z_build/c_hardware/SPL/src/stm32f4xx_dcmi.o
DCMI_CROPConfig                                   z_build/c_hardware/SPL/src/stm32f4xx_dcmi.o
DCMI_CaptureCmd                                   z_build/c_hardware/SPL/src/stm32f4xx_dcmi.o
DCMI_ClearFlag                                    z_build/c_hardware/SPL/src/stm32f4xx_dcmi.o
DCMI_ClearITPendingBit                            z_build/c_hardware/SPL/src/stm32f4xx_dcmi.o
DCMI_Cmd                                          z_build/c_hardware/SPL/src/stm32f4xx_dcmi.o
DCMI_DeInit                                       z_build/c_hardware/SPL/src/stm32f4xx_dcmi.o
DCMI_GetFlagStatus                                z_build/c_hardware/SPL/src/stm32f4xx_dcmi.o
DCMI_GetITStatus                                  z_build/c_hardware/SPL/src/stm32f4xx_dcmi.o
DCMI_IRQHandler                                   z_build/startup/startup.o
DCMI_ITConfig                                     z_build/c_hardware/SPL/src/stm32f4xx_dcmi.o
DCMI_Init                                         z_build/c_hardware/SPL/src/stm32f4xx_dcmi.o
DCMI_JPEGCmd                                      z_build/c_hardware/SPL/src/stm32f4xx_dcmi.o
DCMI_ReadData                                     z_build/c_hardware/SPL/src/stm32f4xx_dcmi.o
DCMI_SetEmbeddedSynchroCodes                      z_build/c_hardware/SPL/src/stm32f4xx_dcmi.o
DCMI_StructInit                                   z_build/c_hardware/SPL/src/stm32f4xx_dcmi.o
DMA1_Stream0_IRQHandler                           z_build/startup/startup.o
DMA1_Stream1_IRQHandler                           z_build/startup/startup.o
DMA1_Stream2_IRQHandler                           z_build/startup/startup.o
DMA1_Stream3_IRQHandler                           z_build/startup/startup.o
DMA1_Stream4_IRQHandler                           z_build/startup/startup.o
DMA1_Stream5_IRQHandler                           z_build/startup/startup.o
DMA1_Stream6_IRQHandler                           z_build/startup/startup.o
DMA1_Stream7_IRQHandler                           z_build/startup/startup.o
DMA2_Stream0_IRQHandler                           z_build/startup/startup.o
DMA2_Stream1_IRQHandler                           z_build/startup/startup.o
DMA2_Stream2_IRQHandler                           z_build/startup/startup.o
DMA2_Stream3_IRQHandler                           z_build/startup/startup.o
DMA2_Stream4_IRQHandler                           z_build/startup/startup.o
DMA2_Stream5_IRQHandler                           z_build/startup/startup.o
DMA2_Stream6_IRQHandler                           z_build/startup/startup.o
DMA2_Stream7_IRQHandler                           z_build/startup/startup.o
DMA_ClearFlag                                     z_build/c_hardware/SPL/src/stm32f4xx_dma.o
DMA_ClearITPendingBit                             z_build/c_hardware/SPL/src/stm32f4xx_dma.o
DMA_Cmd                                           z_build/c_hardware/SPL/src/stm32f4xx_dma.o
DMA_DeInit                                        z_build/c_hardware/SPL/src/stm32f4xx_dma.o
DMA_DoubleBufferModeCmd                           z_build/c_hardware/SPL/src/stm32f4xx_dma.o
DMA_DoubleBufferModeConfig                        z_build/c_hardware/SPL/src/stm32f4xx_dma.o
DMA_FlowControllerConfig                          z_build/c_hardware/SPL/src/stm32f4xx_dma.o
DMA_GetCmdStatus                                  z_build/c_hardware/SPL/src/stm32f4xx_dma.o
DMA_GetCurrDataCounter                            z_build/c_hardware/SPL/src/stm32f4xx_dma.o
DMA_GetCurrentMemoryTarget                        z_build/c_hardware/SPL/src/stm32f4xx_dma.o
DMA_GetFIFOStatus                                 z_build/c_hardware/SPL/src/stm32f4xx_dma.o
DMA_GetFlagStatus                                 z_build/c_hardware/SPL/src/stm32f4xx_dma.o
DMA_GetITStatus                                   z_build/c_hardware/SPL/src/stm32f4xx_dma.o
DMA_ITConfig                                      z_build/c_hardware/SPL/src/stm32f4xx_dma.o
DMA_Init                                          z_build/c_hardware/SPL/src/stm32f4xx_dma.o
DMA_MemoryTargetConfig                            z_build/c_hardware/SPL/src/stm32f4xx_dma.o
DMA_PeriphIncOffsetSizeConfig                     z_build/c_hardware/SPL/src/stm32f4xx_dma.o
DMA_SetCurrDataCounter                            z_build/c_hardware/SPL/src/stm32f4xx_dma.o
DMA_StructInit                                    z_build/c_hardware/SPL/src/stm32f4xx_dma.o
DebugMon_Handler                                  z_build/a_application/stm32f4xx_it.o
Default_Handler                                   z_build/startup/startup.o
ETH_IRQHandler                                    z_build/startup/startup.o
ETH_WKUP_IRQHandler                               z_build/startup/startup.o
EXTI0_IRQHandler                                  z_build/startup/startup.o
EXTI15_10_IRQHandler                              z_build/startup/startup.o
EXTI1_IRQHandler                                  z_build/startup/startup.o
EXTI2_IRQHandler                                  z_build/startup/startup.o
EXTI3_IRQHandler                                  z_build/startup/startup.o
EXTI4_IRQHandler                                  z_build/startup/startup.o
EXTI9_5_IRQHandler                                z_build/startup/startup.o
EXTI_ClearFlag                                    z_build/c_hardware/SPL/src/stm32f4xx_exti.o
EXTI_ClearITPendingBit                            z_build/c_hardware/SPL/src/stm32f4xx_exti.o
EXTI_DeInit                                       z_build/c_hardware/SPL/src/stm32f4xx_exti.o
EXTI_GenerateSWInterrupt                          z_build/c_hardware/SPL/src/stm32f4xx_exti.o
EXTI_GetFlagStatus                                z_build/c_hardware/SPL/src/stm32f4xx_exti.o
EXTI_GetITStatus                                  z_build/c_hardware/SPL/src/stm32f4xx_exti.o
EXTI_Init                                         z_build/c_hardware/SPL/src/stm32f4xx_exti.o
                                                  z_build/c_hardware/HAL/src/exti_api.o
EXTI_StructInit                                   z_build/c_hardware/SPL/src/stm32f4xx_exti.o
FLASH_ClearFlag                                   z_build/c_hardware/SPL/src/stm32f4xx_flash.o
FLASH_DataCacheCmd                                z_build/c_hardware/SPL/src/stm32f4xx_flash.o
FLASH_DataCacheReset                              z_build/c_hardware/SPL/src/stm32f4xx_flash.o
FLASH_EraseAllSectors                             z_build/c_hardware/SPL/src/stm32f4xx_flash.o
FLASH_EraseSector                                 z_build/c_hardware/SPL/src/stm32f4xx_flash.o
FLASH_GetFlagStatus                               z_build/c_hardware/SPL/src/stm32f4xx_flash.o
FLASH_GetStatus                                   z_build/c_hardware/SPL/src/stm32f4xx_flash.o
FLASH_IRQHandler                                  z_build/startup/startup.o
FLASH_ITConfig                                    z_build/c_hardware/SPL/src/stm32f4xx_flash.o
FLASH_InstructionCacheCmd                         z_build/c_hardware/SPL/src/stm32f4xx_flash.o
FLASH_InstructionCacheReset                       z_build/c_hardware/SPL/src/stm32f4xx_flash.o
FLASH_Lock                                        z_build/c_hardware/SPL/src/stm32f4xx_flash.o
FLASH_OB_BORConfig                                z_build/c_hardware/SPL/src/stm32f4xx_flash.o
FLASH_OB_GetBOR                                   z_build/c_hardware/SPL/src/stm32f4xx_flash.o
FLASH_OB_GetRDP                                   z_build/c_hardware/SPL/src/stm32f4xx_flash.o
FLASH_OB_GetUser                                  z_build/c_hardware/SPL/src/stm32f4xx_flash.o
FLASH_OB_GetWRP                                   z_build/c_hardware/SPL/src/stm32f4xx_flash.o
FLASH_OB_GetWRP1                                  z_build/c_hardware/SPL/src/stm32f4xx_flash.o
FLASH_OB_Launch                                   z_build/c_hardware/SPL/src/stm32f4xx_flash.o
FLASH_OB_Lock                                     z_build/c_hardware/SPL/src/stm32f4xx_flash.o
FLASH_OB_RDPConfig                                z_build/c_hardware/SPL/src/stm32f4xx_flash.o
FLASH_OB_Unlock                                   z_build/c_hardware/SPL/src/stm32f4xx_flash.o
FLASH_OB_UserConfig                               z_build/c_hardware/SPL/src/stm32f4xx_flash.o
FLASH_OB_WRP1Config                               z_build/c_hardware/SPL/src/stm32f4xx_flash.o
FLASH_OB_WRPConfig                                z_build/c_hardware/SPL/src/stm32f4xx_flash.o
FLASH_PrefetchBufferCmd                           z_build/c_hardware/SPL/src/stm32f4xx_flash.o
FLASH_ProgramByte                                 z_build/c_hardware/SPL/src/stm32f4xx_flash.o
FLASH_ProgramDoubleWord                           z_build/c_hardware/SPL/src/stm32f4xx_flash.o
FLASH_ProgramHalfWord                             z_build/c_hardware/SPL/src/stm32f4xx_flash.o
FLASH_ProgramWord                                 z_build/c_hardware/SPL/src/stm32f4xx_flash.o
FLASH_SetLatency                                  z_build/c_hardware/SPL/src/stm32f4xx_flash.o
                                                  z_build/c_hardware/HAL/src/clock_api.o
FLASH_Unlock                                      z_build/c_hardware/SPL/src/stm32f4xx_flash.o
FLASH_WaitForLastOperation                        z_build/c_hardware/SPL/src/stm32f4xx_flash.o
FPU_IRQHandler                                    z_build/startup/startup.o
FSMC_ClearFlag                                    z_build/c_hardware/SPL/src/stm32f4xx_fsmc.o
FSMC_ClearITPendingBit                            z_build/c_hardware/SPL/src/stm32f4xx_fsmc.o
FSMC_GetECC                                       z_build/c_hardware/SPL/src/stm32f4xx_fsmc.o
FSMC_GetFlagStatus                                z_build/c_hardware/SPL/src/stm32f4xx_fsmc.o
FSMC_GetITStatus                                  z_build/c_hardware/SPL/src/stm32f4xx_fsmc.o
FSMC_IRQHandler                                   z_build/startup/startup.o
FSMC_ITConfig                                     z_build/c_hardware/SPL/src/stm32f4xx_fsmc.o
FSMC_NANDCmd                                      z_build/c_hardware/SPL/src/stm32f4xx_fsmc.o
FSMC_NANDDeInit                                   z_build/c_hardware/SPL/src/stm32f4xx_fsmc.o
FSMC_NANDECCCmd                                   z_build/c_hardware/SPL/src/stm32f4xx_fsmc.o
FSMC_NANDInit                                     z_build/c_hardware/SPL/src/stm32f4xx_fsmc.o
FSMC_NANDStructInit                               z_build/c_hardware/SPL/src/stm32f4xx_fsmc.o
FSMC_NORSRAMCmd                                   z_build/c_hardware/SPL/src/stm32f4xx_fsmc.o
FSMC_NORSRAMDeInit                                z_build/c_hardware/SPL/src/stm32f4xx_fsmc.o
FSMC_NORSRAMInit                                  z_build/c_hardware/SPL/src/stm32f4xx_fsmc.o
FSMC_NORSRAMStructInit                            z_build/c_hardware/SPL/src/stm32f4xx_fsmc.o
FSMC_PCCARDCmd                                    z_build/c_hardware/SPL/src/stm32f4xx_fsmc.o
FSMC_PCCARDDeInit                                 z_build/c_hardware/SPL/src/stm32f4xx_fsmc.o
FSMC_PCCARDInit                                   z_build/c_hardware/SPL/src/stm32f4xx_fsmc.o
FSMC_PCCARDStructInit                             z_build/c_hardware/SPL/src/stm32f4xx_fsmc.o
GPIO_DeInit                                       z_build/c_hardware/SPL/src/stm32f4xx_gpio.o
GPIO_Init                                         z_build/c_hardware/SPL/src/stm32f4xx_gpio.o
                                                  z_build/c_hardware/HAL/src/usart_api.o
                                                  z_build/c_hardware/HAL/src/gpio_api.o
                                                  z_build/c_hardware/Device/src/modem_hw.o
GPIO_PinAFConfig                                  z_build/c_hardware/SPL/src/stm32f4xx_gpio.o
                                                  z_build/c_hardware/HAL/src/usart_api.o
                                                  z_build/c_hardware/HAL/src/gpio_api.o
GPIO_PinLockConfig                                z_build/c_hardware/SPL/src/stm32f4xx_gpio.o
GPIO_ReadInputData                                z_build/c_hardware/SPL/src/stm32f4xx_gpio.o
GPIO_ReadInputDataBit                             z_build/c_hardware/SPL/src/stm32f4xx_gpio.o
GPIO_ReadOutputData                               z_build/c_hardware/SPL/src/stm32f4xx_gpio.o
GPIO_ReadOutputDataBit                            z_build/c_hardware/SPL/src/stm32f4xx_gpio.o
GPIO_ResetBits                                    z_build/c_hardware/SPL/src/stm32f4xx_gpio.o
GPIO_SetAF_Mask                                   z_build/c_hardware/HAL/src/gpio_api.o
GPIO_SetBits                                      z_build/c_hardware/SPL/src/stm32f4xx_gpio.o
GPIO_StructInit                                   z_build/c_hardware/SPL/src/stm32f4xx_gpio.o
GPIO_ToggleBits                                   z_build/c_hardware/SPL/src/stm32f4xx_gpio.o
GPIO_Write                                        z_build/c_hardware/SPL/src/stm32f4xx_gpio.o
GPIO_WriteBit                                     z_build/c_hardware/SPL/src/stm32f4xx_gpio.o
HASH_AutoStartDigest                              z_build/c_hardware/SPL/src/stm32f4xx_hash.o
HASH_ClearFlag                                    z_build/c_hardware/SPL/src/stm32f4xx_hash.o
HASH_ClearITPendingBit                            z_build/c_hardware/SPL/src/stm32f4xx_hash.o
HASH_DMACmd                                       z_build/c_hardware/SPL/src/stm32f4xx_hash.o
HASH_DataIn                                       z_build/c_hardware/SPL/src/stm32f4xx_hash.o
                                                  z_build/c_hardware/SPL/src/stm32f4xx_hash_md5.o
                                                  z_build/c_hardware/SPL/src/stm32f4xx_hash_sha1.o
HASH_DeInit                                       z_build/c_hardware/SPL/src/stm32f4xx_hash.o
                                                  z_build/c_hardware/SPL/src/stm32f4xx_hash_md5.o
                                                  z_build/c_hardware/SPL/src/stm32f4xx_hash_sha1.o
HASH_GetDigest                                    z_build/c_hardware/SPL/src/stm32f4xx_hash.o
                                                  z_build/c_hardware/SPL/src/stm32f4xx_hash_md5.o
                                                  z_build/c_hardware/SPL/src/stm32f4xx_hash_sha1.o
HASH_GetFlagStatus                                z_build/c_hardware/SPL/src/stm32f4xx_hash.o
                                                  z_build/c_hardware/SPL/src/stm32f4xx_hash_md5.o
                                                  z_build/c_hardware/SPL/src/stm32f4xx_hash_sha1.o
HASH_GetITStatus                                  z_build/c_hardware/SPL/src/stm32f4xx_hash.o
HASH_GetInFIFOWordsNbr                            z_build/c_hardware/SPL/src/stm32f4xx_hash.o
HASH_ITConfig                                     z_build/c_hardware/SPL/src/stm32f4xx_hash.o
HASH_Init                                         z_build/c_hardware/SPL/src/stm32f4xx_hash.o
                                                  z_build/c_hardware/SPL/src/stm32f4xx_hash_md5.o
                                                  z_build/c_hardware/SPL/src/stm32f4xx_hash_sha1.o
HASH_MD5                                          z_build/c_hardware/SPL/src/stm32f4xx_hash_md5.o
HASH_RNG_IRQHandler                               z_build/startup/startup.o
HASH_Reset                                        z_build/c_hardware/SPL/src/stm32f4xx_hash.o
HASH_RestoreContext                               z_build/c_hardware/SPL/src/stm32f4xx_hash.o
HASH_SHA1                                         z_build/c_hardware/SPL/src/stm32f4xx_hash_sha1.o
HASH_SaveContext                                  z_build/c_hardware/SPL/src/stm32f4xx_hash.o
HASH_SetLastWordValidBitsNbr                      z_build/c_hardware/SPL/src/stm32f4xx_hash.o
                                                  z_build/c_hardware/SPL/src/stm32f4xx_hash_md5.o
                                                  z_build/c_hardware/SPL/src/stm32f4xx_hash_sha1.o
HASH_StartDigest                                  z_build/c_hardware/SPL/src/stm32f4xx_hash.o
                                                  z_build/c_hardware/SPL/src/stm32f4xx_hash_md5.o
                                                  z_build/c_hardware/SPL/src/stm32f4xx_hash_sha1.o
HASH_StructInit                                   z_build/c_hardware/SPL/src/stm32f4xx_hash.o
HMAC_MD5                                          z_build/c_hardware/SPL/src/stm32f4xx_hash_md5.o
HMAC_SHA1                                         z_build/c_hardware/SPL/src/stm32f4xx_hash_sha1.o
HardFault_Handler                                 z_build/a_application/stm32f4xx_it.o
I2C1_ER_IRQHandler                                z_build/startup/startup.o
I2C1_EV_IRQHandler                                z_build/startup/startup.o
I2C2_ER_IRQHandler                                z_build/startup/startup.o
I2C2_EV_IRQHandler                                z_build/startup/startup.o
I2C3_ER_IRQHandler                                z_build/startup/startup.o
I2C3_EV_IRQHandler                                z_build/startup/startup.o
I2C_ARPCmd                                        z_build/c_hardware/SPL/src/stm32f4xx_i2c.o
I2C_AcknowledgeConfig                             z_build/c_hardware/SPL/src/stm32f4xx_i2c.o
I2C_AnalogFilterCmd                               z_build/c_hardware/SPL/src/stm32f4xx_i2c.o
I2C_CalculatePEC                                  z_build/c_hardware/SPL/src/stm32f4xx_i2c.o
I2C_CheckEvent                                    z_build/c_hardware/SPL/src/stm32f4xx_i2c.o
I2C_ClearFlag                                     z_build/c_hardware/SPL/src/stm32f4xx_i2c.o
I2C_ClearITPendingBit                             z_build/c_hardware/SPL/src/stm32f4xx_i2c.o
I2C_Cmd                                           z_build/c_hardware/SPL/src/stm32f4xx_i2c.o
I2C_DMACmd                                        z_build/c_hardware/SPL/src/stm32f4xx_i2c.o
I2C_DMALastTransferCmd                            z_build/c_hardware/SPL/src/stm32f4xx_i2c.o
I2C_DeInit                                        z_build/c_hardware/SPL/src/stm32f4xx_i2c.o
I2C_DigitalFilterConfig                           z_build/c_hardware/SPL/src/stm32f4xx_i2c.o
I2C_DualAddressCmd                                z_build/c_hardware/SPL/src/stm32f4xx_i2c.o
I2C_FastModeDutyCycleConfig                       z_build/c_hardware/SPL/src/stm32f4xx_i2c.o
I2C_GeneralCallCmd                                z_build/c_hardware/SPL/src/stm32f4xx_i2c.o
I2C_GenerateSTART                                 z_build/c_hardware/SPL/src/stm32f4xx_i2c.o
I2C_GenerateSTOP                                  z_build/c_hardware/SPL/src/stm32f4xx_i2c.o
I2C_GetFlagStatus                                 z_build/c_hardware/SPL/src/stm32f4xx_i2c.o
I2C_GetITStatus                                   z_build/c_hardware/SPL/src/stm32f4xx_i2c.o
I2C_GetLastEvent                                  z_build/c_hardware/SPL/src/stm32f4xx_i2c.o
I2C_GetPEC                                        z_build/c_hardware/SPL/src/stm32f4xx_i2c.o
I2C_ITConfig                                      z_build/c_hardware/SPL/src/stm32f4xx_i2c.o
I2C_Init                                          z_build/c_hardware/SPL/src/stm32f4xx_i2c.o
I2C_NACKPositionConfig                            z_build/c_hardware/SPL/src/stm32f4xx_i2c.o
I2C_OwnAddress2Config                             z_build/c_hardware/SPL/src/stm32f4xx_i2c.o
I2C_PECPositionConfig                             z_build/c_hardware/SPL/src/stm32f4xx_i2c.o
I2C_ReadRegister                                  z_build/c_hardware/SPL/src/stm32f4xx_i2c.o
I2C_ReceiveData                                   z_build/c_hardware/SPL/src/stm32f4xx_i2c.o
I2C_SMBusAlertConfig                              z_build/c_hardware/SPL/src/stm32f4xx_i2c.o
I2C_Send7bitAddress                               z_build/c_hardware/SPL/src/stm32f4xx_i2c.o
I2C_SendData                                      z_build/c_hardware/SPL/src/stm32f4xx_i2c.o
I2C_SoftwareResetCmd                              z_build/c_hardware/SPL/src/stm32f4xx_i2c.o
I2C_StretchClockCmd                               z_build/c_hardware/SPL/src/stm32f4xx_i2c.o
I2C_StructInit                                    z_build/c_hardware/SPL/src/stm32f4xx_i2c.o
I2C_TransmitPEC                                   z_build/c_hardware/SPL/src/stm32f4xx_i2c.o
I2S_Cmd                                           z_build/c_hardware/SPL/src/stm32f4xx_spi.o
I2S_FullDuplexConfig                              z_build/c_hardware/SPL/src/stm32f4xx_spi.o
I2S_Init                                          z_build/c_hardware/SPL/src/stm32f4xx_spi.o
I2S_StructInit                                    z_build/c_hardware/SPL/src/stm32f4xx_spi.o
IWDG_Enable                                       z_build/c_hardware/SPL/src/stm32f4xx_iwdg.o
IWDG_GetFlagStatus                                z_build/c_hardware/SPL/src/stm32f4xx_iwdg.o
IWDG_ReloadCounter                                z_build/c_hardware/SPL/src/stm32f4xx_iwdg.o
IWDG_SetPrescaler                                 z_build/c_hardware/SPL/src/stm32f4xx_iwdg.o
IWDG_SetReload                                    z_build/c_hardware/SPL/src/stm32f4xx_iwdg.o
IWDG_WriteAccessCmd                               z_build/c_hardware/SPL/src/stm32f4xx_iwdg.o
MemManage_Handler                                 z_build/a_application/stm32f4xx_it.o
NMI_Handler                                       z_build/a_application/stm32f4xx_it.o
NVIC_Init                                         z_build/c_hardware/SPL/src/misc.o
                                                  z_build/c_hardware/HAL/src/exti_api.o
                                                  z_build/c_hardware/Device/src/modem_hw.o
NVIC_PriorityGroupConfig                          z_build/c_hardware/SPL/src/misc.o
NVIC_SetVectorTable                               z_build/c_hardware/SPL/src/misc.o
NVIC_SystemLPConfig                               z_build/c_hardware/SPL/src/misc.o
OTG_FS_IRQHandler                                 z_build/startup/startup.o
OTG_FS_WKUP_IRQHandler                            z_build/startup/startup.o
OTG_HS_EP1_IN_IRQHandler                          z_build/startup/startup.o
OTG_HS_EP1_OUT_IRQHandler                         z_build/startup/startup.o
OTG_HS_IRQHandler                                 z_build/startup/startup.o
OTG_HS_WKUP_IRQHandler                            z_build/startup/startup.o
PVD_IRQHandler                                    z_build/startup/startup.o
PWR_BackupAccessCmd                               z_build/c_hardware/SPL/src/stm32f4xx_pwr.o
PWR_BackupRegulatorCmd                            z_build/c_hardware/SPL/src/stm32f4xx_pwr.o
PWR_ClearFlag                                     z_build/c_hardware/SPL/src/stm32f4xx_pwr.o
PWR_DeInit                                        z_build/c_hardware/SPL/src/stm32f4xx_pwr.o
PWR_EnterSTANDBYMode                              z_build/c_hardware/SPL/src/stm32f4xx_pwr.o
PWR_EnterSTOPMode                                 z_build/c_hardware/SPL/src/stm32f4xx_pwr.o
PWR_FlashPowerDownCmd                             z_build/c_hardware/SPL/src/stm32f4xx_pwr.o
PWR_GetFlagStatus                                 z_build/c_hardware/SPL/src/stm32f4xx_pwr.o
PWR_MainRegulatorModeConfig                       z_build/c_hardware/SPL/src/stm32f4xx_pwr.o
PWR_PVDCmd                                        z_build/c_hardware/SPL/src/stm32f4xx_pwr.o
PWR_PVDLevelConfig                                z_build/c_hardware/SPL/src/stm32f4xx_pwr.o
PWR_WakeUpPinCmd                                  z_build/c_hardware/SPL/src/stm32f4xx_pwr.o
PendSV_Handler                                    z_build/a_application/stm32f4xx_it.o
RCC_AHB1PeriphClockCmd                            z_build/c_hardware/SPL/src/stm32f4xx_rcc.o
                                                  z_build/c_hardware/HAL/src/usart_api.o
                                                  z_build/c_hardware/HAL/src/gpio_api.o
                                                  z_build/c_hardware/Device/src/modem_hw.o
RCC_AHB1PeriphClockLPModeCmd                      z_build/c_hardware/SPL/src/stm32f4xx_rcc.o
RCC_AHB1PeriphResetCmd                            z_build/c_hardware/SPL/src/stm32f4xx_rcc.o
                                                  z_build/c_hardware/SPL/src/stm32f4xx_gpio.o
RCC_AHB2PeriphClockCmd                            z_build/c_hardware/SPL/src/stm32f4xx_rcc.o
RCC_AHB2PeriphClockLPModeCmd                      z_build/c_hardware/SPL/src/stm32f4xx_rcc.o
RCC_AHB2PeriphResetCmd                            z_build/c_hardware/SPL/src/stm32f4xx_rcc.o
                                                  z_build/c_hardware/SPL/src/stm32f4xx_rng.o
                                                  z_build/c_hardware/SPL/src/stm32f4xx_hash.o
                                                  z_build/c_hardware/SPL/src/stm32f4xx_cryp.o
RCC_AHB3PeriphClockCmd                            z_build/c_hardware/SPL/src/stm32f4xx_rcc.o
RCC_AHB3PeriphClockLPModeCmd                      z_build/c_hardware/SPL/src/stm32f4xx_rcc.o
RCC_AHB3PeriphResetCmd                            z_build/c_hardware/SPL/src/stm32f4xx_rcc.o
RCC_APB1PeriphClockCmd                            z_build/c_hardware/SPL/src/stm32f4xx_rcc.o
                                                  z_build/c_hardware/HAL/src/usart_api.o
RCC_APB1PeriphClockLPModeCmd                      z_build/c_hardware/SPL/src/stm32f4xx_rcc.o
RCC_APB1PeriphResetCmd                            z_build/c_hardware/SPL/src/stm32f4xx_rcc.o
                                                  z_build/c_hardware/SPL/src/stm32f4xx_dac.o
                                                  z_build/c_hardware/SPL/src/stm32f4xx_spi.o
                                                  z_build/c_hardware/SPL/src/stm32f4xx_i2c.o
                                                  z_build/c_hardware/SPL/src/stm32f4xx_wwdg.o
                                                  z_build/c_hardware/SPL/src/stm32f4xx_tim.o
                                                  z_build/c_hardware/SPL/src/stm32f4xx_pwr.o
                                                  z_build/c_hardware/SPL/src/stm32f4xx_can.o
                                                  z_build/c_hardware/SPL/src/stm32f4xx_usart.o
RCC_APB2PeriphClockCmd                            z_build/c_hardware/SPL/src/stm32f4xx_rcc.o
                                                  z_build/c_hardware/HAL/src/usart_api.o
                                                  z_build/c_hardware/HAL/src/exti_api.o
RCC_APB2PeriphClockLPModeCmd                      z_build/c_hardware/SPL/src/stm32f4xx_rcc.o
RCC_APB2PeriphResetCmd                            z_build/c_hardware/SPL/src/stm32f4xx_rcc.o
                                                  z_build/c_hardware/SPL/src/stm32f4xx_adc.o
                                                  z_build/c_hardware/SPL/src/stm32f4xx_spi.o
                                                  z_build/c_hardware/SPL/src/stm32f4xx_syscfg.o
                                                  z_build/c_hardware/SPL/src/stm32f4xx_tim.o
                                                  z_build/c_hardware/SPL/src/stm32f4xx_sdio.o
                                                  z_build/c_hardware/SPL/src/stm32f4xx_usart.o
RCC_AdjustHSICalibrationValue                     z_build/c_hardware/SPL/src/stm32f4xx_rcc.o
RCC_BackupResetCmd                                z_build/c_hardware/SPL/src/stm32f4xx_rcc.o
RCC_ClearFlag                                     z_build/c_hardware/SPL/src/stm32f4xx_rcc.o
RCC_ClearITPendingBit                             z_build/c_hardware/SPL/src/stm32f4xx_rcc.o
RCC_ClockSecuritySystemCmd                        z_build/c_hardware/SPL/src/stm32f4xx_rcc.o
RCC_DeInit                                        z_build/c_hardware/SPL/src/stm32f4xx_rcc.o
RCC_GetClocksFreq                                 z_build/c_hardware/SPL/src/stm32f4xx_rcc.o
                                                  z_build/c_hardware/SPL/src/stm32f4xx_i2c.o
                                                  z_build/c_hardware/SPL/src/stm32f4xx_usart.o
RCC_GetFlagStatus                                 z_build/c_hardware/SPL/src/stm32f4xx_rcc.o
                                                  z_build/c_hardware/HAL/src/clock_api.o
RCC_GetITStatus                                   z_build/c_hardware/SPL/src/stm32f4xx_rcc.o
RCC_GetSYSCLKSource                               z_build/c_hardware/SPL/src/stm32f4xx_rcc.o
RCC_HCLKConfig                                    z_build/c_hardware/SPL/src/stm32f4xx_rcc.o
                                                  z_build/c_hardware/HAL/src/clock_api.o
RCC_HSEConfig                                     z_build/c_hardware/SPL/src/stm32f4xx_rcc.o
RCC_HSICmd                                        z_build/c_hardware/SPL/src/stm32f4xx_rcc.o
                                                  z_build/c_hardware/HAL/src/clock_api.o
RCC_I2SCLKConfig                                  z_build/c_hardware/SPL/src/stm32f4xx_rcc.o
RCC_IRQHandler                                    z_build/startup/startup.o
RCC_ITConfig                                      z_build/c_hardware/SPL/src/stm32f4xx_rcc.o
RCC_LSEConfig                                     z_build/c_hardware/SPL/src/stm32f4xx_rcc.o
RCC_LSICmd                                        z_build/c_hardware/SPL/src/stm32f4xx_rcc.o
RCC_MCO1Config                                    z_build/c_hardware/SPL/src/stm32f4xx_rcc.o
RCC_MCO2Config                                    z_build/c_hardware/SPL/src/stm32f4xx_rcc.o
RCC_PCLK1Config                                   z_build/c_hardware/SPL/src/stm32f4xx_rcc.o
                                                  z_build/c_hardware/HAL/src/clock_api.o
RCC_PCLK2Config                                   z_build/c_hardware/SPL/src/stm32f4xx_rcc.o
                                                  z_build/c_hardware/HAL/src/clock_api.o
RCC_PLLCmd                                        z_build/c_hardware/SPL/src/stm32f4xx_rcc.o
                                                  z_build/c_hardware/HAL/src/clock_api.o
RCC_PLLConfig                                     z_build/c_hardware/SPL/src/stm32f4xx_rcc.o
                                                  z_build/c_hardware/HAL/src/clock_api.o
RCC_PLLI2SCmd                                     z_build/c_hardware/SPL/src/stm32f4xx_rcc.o
RCC_PLLI2SConfig                                  z_build/c_hardware/SPL/src/stm32f4xx_rcc.o
RCC_RTCCLKCmd                                     z_build/c_hardware/SPL/src/stm32f4xx_rcc.o
RCC_RTCCLKConfig                                  z_build/c_hardware/SPL/src/stm32f4xx_rcc.o
RCC_SYSCLKConfig                                  z_build/c_hardware/SPL/src/stm32f4xx_rcc.o
                                                  z_build/c_hardware/HAL/src/clock_api.o
RCC_TIMCLKPresConfig                              z_build/c_hardware/SPL/src/stm32f4xx_rcc.o
RCC_WaitForHSEStartUp                             z_build/c_hardware/SPL/src/stm32f4xx_rcc.o
RNG_ClearFlag                                     z_build/c_hardware/SPL/src/stm32f4xx_rng.o
RNG_ClearITPendingBit                             z_build/c_hardware/SPL/src/stm32f4xx_rng.o
RNG_Cmd                                           z_build/c_hardware/SPL/src/stm32f4xx_rng.o
RNG_DeInit                                        z_build/c_hardware/SPL/src/stm32f4xx_rng.o
RNG_GetFlagStatus                                 z_build/c_hardware/SPL/src/stm32f4xx_rng.o
RNG_GetITStatus                                   z_build/c_hardware/SPL/src/stm32f4xx_rng.o
RNG_GetRandomNumber                               z_build/c_hardware/SPL/src/stm32f4xx_rng.o
RNG_ITConfig                                      z_build/c_hardware/SPL/src/stm32f4xx_rng.o
RTC_AlarmCmd                                      z_build/c_hardware/SPL/src/stm32f4xx_rtc.o
RTC_AlarmStructInit                               z_build/c_hardware/SPL/src/stm32f4xx_rtc.o
RTC_AlarmSubSecondConfig                          z_build/c_hardware/SPL/src/stm32f4xx_rtc.o
RTC_Alarm_IRQHandler                              z_build/startup/startup.o
RTC_BypassShadowCmd                               z_build/c_hardware/SPL/src/stm32f4xx_rtc.o
RTC_CalibOutputCmd                                z_build/c_hardware/SPL/src/stm32f4xx_rtc.o
RTC_CalibOutputConfig                             z_build/c_hardware/SPL/src/stm32f4xx_rtc.o
RTC_ClearFlag                                     z_build/c_hardware/SPL/src/stm32f4xx_rtc.o
RTC_ClearITPendingBit                             z_build/c_hardware/SPL/src/stm32f4xx_rtc.o
RTC_CoarseCalibCmd                                z_build/c_hardware/SPL/src/stm32f4xx_rtc.o
RTC_CoarseCalibConfig                             z_build/c_hardware/SPL/src/stm32f4xx_rtc.o
RTC_DateStructInit                                z_build/c_hardware/SPL/src/stm32f4xx_rtc.o
RTC_DayLightSavingConfig                          z_build/c_hardware/SPL/src/stm32f4xx_rtc.o
RTC_DeInit                                        z_build/c_hardware/SPL/src/stm32f4xx_rtc.o
RTC_EnterInitMode                                 z_build/c_hardware/SPL/src/stm32f4xx_rtc.o
RTC_ExitInitMode                                  z_build/c_hardware/SPL/src/stm32f4xx_rtc.o
RTC_GetAlarm                                      z_build/c_hardware/SPL/src/stm32f4xx_rtc.o
RTC_GetAlarmSubSecond                             z_build/c_hardware/SPL/src/stm32f4xx_rtc.o
RTC_GetDate                                       z_build/c_hardware/SPL/src/stm32f4xx_rtc.o
RTC_GetFlagStatus                                 z_build/c_hardware/SPL/src/stm32f4xx_rtc.o
RTC_GetITStatus                                   z_build/c_hardware/SPL/src/stm32f4xx_rtc.o
RTC_GetStoreOperation                             z_build/c_hardware/SPL/src/stm32f4xx_rtc.o
RTC_GetSubSecond                                  z_build/c_hardware/SPL/src/stm32f4xx_rtc.o
RTC_GetTime                                       z_build/c_hardware/SPL/src/stm32f4xx_rtc.o
RTC_GetTimeStamp                                  z_build/c_hardware/SPL/src/stm32f4xx_rtc.o
RTC_GetTimeStampSubSecond                         z_build/c_hardware/SPL/src/stm32f4xx_rtc.o
RTC_GetWakeUpCounter                              z_build/c_hardware/SPL/src/stm32f4xx_rtc.o
RTC_ITConfig                                      z_build/c_hardware/SPL/src/stm32f4xx_rtc.o
RTC_Init                                          z_build/c_hardware/SPL/src/stm32f4xx_rtc.o
RTC_OutputConfig                                  z_build/c_hardware/SPL/src/stm32f4xx_rtc.o
RTC_OutputTypeConfig                              z_build/c_hardware/SPL/src/stm32f4xx_rtc.o
RTC_ReadBackupRegister                            z_build/c_hardware/SPL/src/stm32f4xx_rtc.o
RTC_RefClockCmd                                   z_build/c_hardware/SPL/src/stm32f4xx_rtc.o
RTC_SetAlarm                                      z_build/c_hardware/SPL/src/stm32f4xx_rtc.o
RTC_SetDate                                       z_build/c_hardware/SPL/src/stm32f4xx_rtc.o
RTC_SetTime                                       z_build/c_hardware/SPL/src/stm32f4xx_rtc.o
RTC_SetWakeUpCounter                              z_build/c_hardware/SPL/src/stm32f4xx_rtc.o
RTC_SmoothCalibConfig                             z_build/c_hardware/SPL/src/stm32f4xx_rtc.o
RTC_StructInit                                    z_build/c_hardware/SPL/src/stm32f4xx_rtc.o
RTC_SynchroShiftConfig                            z_build/c_hardware/SPL/src/stm32f4xx_rtc.o
RTC_TamperCmd                                     z_build/c_hardware/SPL/src/stm32f4xx_rtc.o
RTC_TamperFilterConfig                            z_build/c_hardware/SPL/src/stm32f4xx_rtc.o
RTC_TamperPinSelection                            z_build/c_hardware/SPL/src/stm32f4xx_rtc.o
RTC_TamperPinsPrechargeDuration                   z_build/c_hardware/SPL/src/stm32f4xx_rtc.o
RTC_TamperPullUpCmd                               z_build/c_hardware/SPL/src/stm32f4xx_rtc.o
RTC_TamperSamplingFreqConfig                      z_build/c_hardware/SPL/src/stm32f4xx_rtc.o
RTC_TamperTriggerConfig                           z_build/c_hardware/SPL/src/stm32f4xx_rtc.o
RTC_TimeStampCmd                                  z_build/c_hardware/SPL/src/stm32f4xx_rtc.o
RTC_TimeStampOnTamperDetectionCmd                 z_build/c_hardware/SPL/src/stm32f4xx_rtc.o
RTC_TimeStampPinSelection                         z_build/c_hardware/SPL/src/stm32f4xx_rtc.o
RTC_TimeStructInit                                z_build/c_hardware/SPL/src/stm32f4xx_rtc.o
RTC_WKUP_IRQHandler                               z_build/startup/startup.o
RTC_WaitForSynchro                                z_build/c_hardware/SPL/src/stm32f4xx_rtc.o
RTC_WakeUpClockConfig                             z_build/c_hardware/SPL/src/stm32f4xx_rtc.o
RTC_WakeUpCmd                                     z_build/c_hardware/SPL/src/stm32f4xx_rtc.o
RTC_WriteBackupRegister                           z_build/c_hardware/SPL/src/stm32f4xx_rtc.o
RTC_WriteProtectionCmd                            z_build/c_hardware/SPL/src/stm32f4xx_rtc.o
Reset_Handler                                     z_build/startup/startup.o
SDIO_CEATAITCmd                                   z_build/c_hardware/SPL/src/stm32f4xx_sdio.o
SDIO_ClearFlag                                    z_build/c_hardware/SPL/src/stm32f4xx_sdio.o
SDIO_ClearITPendingBit                            z_build/c_hardware/SPL/src/stm32f4xx_sdio.o
SDIO_ClockCmd                                     z_build/c_hardware/SPL/src/stm32f4xx_sdio.o
SDIO_CmdStructInit                                z_build/c_hardware/SPL/src/stm32f4xx_sdio.o
SDIO_CommandCompletionCmd                         z_build/c_hardware/SPL/src/stm32f4xx_sdio.o
SDIO_DMACmd                                       z_build/c_hardware/SPL/src/stm32f4xx_sdio.o
SDIO_DataConfig                                   z_build/c_hardware/SPL/src/stm32f4xx_sdio.o
SDIO_DataStructInit                               z_build/c_hardware/SPL/src/stm32f4xx_sdio.o
SDIO_DeInit                                       z_build/c_hardware/SPL/src/stm32f4xx_sdio.o
SDIO_GetCommandResponse                           z_build/c_hardware/SPL/src/stm32f4xx_sdio.o
SDIO_GetDataCounter                               z_build/c_hardware/SPL/src/stm32f4xx_sdio.o
SDIO_GetFIFOCount                                 z_build/c_hardware/SPL/src/stm32f4xx_sdio.o
SDIO_GetFlagStatus                                z_build/c_hardware/SPL/src/stm32f4xx_sdio.o
SDIO_GetITStatus                                  z_build/c_hardware/SPL/src/stm32f4xx_sdio.o
SDIO_GetPowerState                                z_build/c_hardware/SPL/src/stm32f4xx_sdio.o
SDIO_GetResponse                                  z_build/c_hardware/SPL/src/stm32f4xx_sdio.o
SDIO_IRQHandler                                   z_build/startup/startup.o
SDIO_ITConfig                                     z_build/c_hardware/SPL/src/stm32f4xx_sdio.o
SDIO_Init                                         z_build/c_hardware/SPL/src/stm32f4xx_sdio.o
SDIO_ReadData                                     z_build/c_hardware/SPL/src/stm32f4xx_sdio.o
SDIO_SendCEATACmd                                 z_build/c_hardware/SPL/src/stm32f4xx_sdio.o
SDIO_SendCommand                                  z_build/c_hardware/SPL/src/stm32f4xx_sdio.o
SDIO_SendSDIOSuspendCmd                           z_build/c_hardware/SPL/src/stm32f4xx_sdio.o
SDIO_SetPowerState                                z_build/c_hardware/SPL/src/stm32f4xx_sdio.o
SDIO_SetSDIOOperation                             z_build/c_hardware/SPL/src/stm32f4xx_sdio.o
SDIO_SetSDIOReadWaitMode                          z_build/c_hardware/SPL/src/stm32f4xx_sdio.o
SDIO_StartSDIOReadWait                            z_build/c_hardware/SPL/src/stm32f4xx_sdio.o
SDIO_StopSDIOReadWait                             z_build/c_hardware/SPL/src/stm32f4xx_sdio.o
SDIO_StructInit                                   z_build/c_hardware/SPL/src/stm32f4xx_sdio.o
SDIO_WriteData                                    z_build/c_hardware/SPL/src/stm32f4xx_sdio.o
SPI1_IRQHandler                                   z_build/startup/startup.o
SPI2_IRQHandler                                   z_build/startup/startup.o
SPI3_IRQHandler                                   z_build/startup/startup.o
SPI_BiDirectionalLineConfig                       z_build/c_hardware/SPL/src/stm32f4xx_spi.o
SPI_CalculateCRC                                  z_build/c_hardware/SPL/src/stm32f4xx_spi.o
SPI_Cmd                                           z_build/c_hardware/SPL/src/stm32f4xx_spi.o
SPI_DataSizeConfig                                z_build/c_hardware/SPL/src/stm32f4xx_spi.o
SPI_GetCRC                                        z_build/c_hardware/SPL/src/stm32f4xx_spi.o
SPI_GetCRCPolynomial                              z_build/c_hardware/SPL/src/stm32f4xx_spi.o
SPI_I2S_ClearFlag                                 z_build/c_hardware/SPL/src/stm32f4xx_spi.o
SPI_I2S_ClearITPendingBit                         z_build/c_hardware/SPL/src/stm32f4xx_spi.o
SPI_I2S_DMACmd                                    z_build/c_hardware/SPL/src/stm32f4xx_spi.o
SPI_I2S_DeInit                                    z_build/c_hardware/SPL/src/stm32f4xx_spi.o
SPI_I2S_GetFlagStatus                             z_build/c_hardware/SPL/src/stm32f4xx_spi.o
SPI_I2S_GetITStatus                               z_build/c_hardware/SPL/src/stm32f4xx_spi.o
SPI_I2S_ITConfig                                  z_build/c_hardware/SPL/src/stm32f4xx_spi.o
SPI_I2S_ReceiveData                               z_build/c_hardware/SPL/src/stm32f4xx_spi.o
SPI_I2S_SendData                                  z_build/c_hardware/SPL/src/stm32f4xx_spi.o
SPI_Init                                          z_build/c_hardware/SPL/src/stm32f4xx_spi.o
SPI_NSSInternalSoftwareConfig                     z_build/c_hardware/SPL/src/stm32f4xx_spi.o
SPI_SSOutputCmd                                   z_build/c_hardware/SPL/src/stm32f4xx_spi.o
SPI_StructInit                                    z_build/c_hardware/SPL/src/stm32f4xx_spi.o
SPI_TIModeCmd                                     z_build/c_hardware/SPL/src/stm32f4xx_spi.o
SPI_TransmitCRC                                   z_build/c_hardware/SPL/src/stm32f4xx_spi.o
SVC_Handler                                       z_build/a_application/stm32f4xx_it.o
SYSCFG_CompensationCellCmd                        z_build/c_hardware/SPL/src/stm32f4xx_syscfg.o
SYSCFG_DeInit                                     z_build/c_hardware/SPL/src/stm32f4xx_syscfg.o
SYSCFG_ETH_MediaInterfaceConfig                   z_build/c_hardware/SPL/src/stm32f4xx_syscfg.o
SYSCFG_EXTILineConfig                             z_build/c_hardware/SPL/src/stm32f4xx_syscfg.o
                                                  z_build/c_hardware/HAL/src/exti_api.o
SYSCFG_GetCompensationCellStatus                  z_build/c_hardware/SPL/src/stm32f4xx_syscfg.o
SYSCFG_MemoryRemapConfig                          z_build/c_hardware/SPL/src/stm32f4xx_syscfg.o
SysTick_CLKSourceConfig                           z_build/c_hardware/SPL/src/misc.o
SysTick_Handler                                   z_build/a_application/stm32f4xx_it.o
SystemCoreClock                                   z_build/c_hardware/Device/src/system_stm32f4xx.o
                                                  z_build/c_hardware/HAL/src/systick_api.o
SystemCoreClockUpdate                             z_build/c_hardware/Device/src/system_stm32f4xx.o
                                                  z_build/c_hardware/HAL/src/clock_api.o
SystemInit                                        z_build/c_hardware/Device/src/system_stm32f4xx.o
                                                  z_build/startup/startup.o
TAMP_STAMP_IRQHandler                             z_build/startup/startup.o
TIM1_BRK_TIM9_IRQHandler                          z_build/startup/startup.o
TIM1_CC_IRQHandler                                z_build/startup/startup.o
TIM1_TRG_COM_TIM11_IRQHandler                     z_build/startup/startup.o
TIM1_UP_TIM10_IRQHandler                          z_build/startup/startup.o
TIM2_IRQHandler                                   z_build/startup/startup.o
TIM3_IRQHandler                                   z_build/startup/startup.o
TIM4_IRQHandler                                   z_build/startup/startup.o
TIM5_IRQHandler                                   z_build/startup/startup.o
TIM6_DAC_IRQHandler                               z_build/startup/startup.o
TIM7_IRQHandler                                   z_build/startup/startup.o
TIM8_BRK_TIM12_IRQHandler                         z_build/startup/startup.o
TIM8_CC_IRQHandler                                z_build/startup/startup.o
TIM8_TRG_COM_TIM14_IRQHandler                     z_build/startup/startup.o
TIM8_UP_TIM13_IRQHandler                          z_build/startup/startup.o
TIM_ARRPreloadConfig                              z_build/c_hardware/SPL/src/stm32f4xx_tim.o
TIM_BDTRConfig                                    z_build/c_hardware/SPL/src/stm32f4xx_tim.o
TIM_BDTRStructInit                                z_build/c_hardware/SPL/src/stm32f4xx_tim.o
TIM_CCPreloadControl                              z_build/c_hardware/SPL/src/stm32f4xx_tim.o
TIM_CCxCmd                                        z_build/c_hardware/SPL/src/stm32f4xx_tim.o
TIM_CCxNCmd                                       z_build/c_hardware/SPL/src/stm32f4xx_tim.o
TIM_ClearFlag                                     z_build/c_hardware/SPL/src/stm32f4xx_tim.o
TIM_ClearITPendingBit                             z_build/c_hardware/SPL/src/stm32f4xx_tim.o
TIM_ClearOC1Ref                                   z_build/c_hardware/SPL/src/stm32f4xx_tim.o
TIM_ClearOC2Ref                                   z_build/c_hardware/SPL/src/stm32f4xx_tim.o
TIM_ClearOC3Ref                                   z_build/c_hardware/SPL/src/stm32f4xx_tim.o
TIM_ClearOC4Ref                                   z_build/c_hardware/SPL/src/stm32f4xx_tim.o
TIM_Cmd                                           z_build/c_hardware/SPL/src/stm32f4xx_tim.o
TIM_CounterModeConfig                             z_build/c_hardware/SPL/src/stm32f4xx_tim.o
TIM_CtrlPWMOutputs                                z_build/c_hardware/SPL/src/stm32f4xx_tim.o
TIM_DMACmd                                        z_build/c_hardware/SPL/src/stm32f4xx_tim.o
TIM_DMAConfig                                     z_build/c_hardware/SPL/src/stm32f4xx_tim.o
TIM_DeInit                                        z_build/c_hardware/SPL/src/stm32f4xx_tim.o
TIM_ETRClockMode1Config                           z_build/c_hardware/SPL/src/stm32f4xx_tim.o
TIM_ETRClockMode2Config                           z_build/c_hardware/SPL/src/stm32f4xx_tim.o
TIM_ETRConfig                                     z_build/c_hardware/SPL/src/stm32f4xx_tim.o
TIM_EncoderInterfaceConfig                        z_build/c_hardware/SPL/src/stm32f4xx_tim.o
TIM_ForcedOC1Config                               z_build/c_hardware/SPL/src/stm32f4xx_tim.o
TIM_ForcedOC2Config                               z_build/c_hardware/SPL/src/stm32f4xx_tim.o
TIM_ForcedOC3Config                               z_build/c_hardware/SPL/src/stm32f4xx_tim.o
TIM_ForcedOC4Config                               z_build/c_hardware/SPL/src/stm32f4xx_tim.o
TIM_GenerateEvent                                 z_build/c_hardware/SPL/src/stm32f4xx_tim.o
TIM_GetCapture1                                   z_build/c_hardware/SPL/src/stm32f4xx_tim.o
TIM_GetCapture2                                   z_build/c_hardware/SPL/src/stm32f4xx_tim.o
TIM_GetCapture3                                   z_build/c_hardware/SPL/src/stm32f4xx_tim.o
TIM_GetCapture4                                   z_build/c_hardware/SPL/src/stm32f4xx_tim.o
TIM_GetCounter                                    z_build/c_hardware/SPL/src/stm32f4xx_tim.o
TIM_GetFlagStatus                                 z_build/c_hardware/SPL/src/stm32f4xx_tim.o
TIM_GetITStatus                                   z_build/c_hardware/SPL/src/stm32f4xx_tim.o
TIM_GetPrescaler                                  z_build/c_hardware/SPL/src/stm32f4xx_tim.o
TIM_ICInit                                        z_build/c_hardware/SPL/src/stm32f4xx_tim.o
TIM_ICStructInit                                  z_build/c_hardware/SPL/src/stm32f4xx_tim.o
TIM_ITConfig                                      z_build/c_hardware/SPL/src/stm32f4xx_tim.o
TIM_ITRxExternalClockConfig                       z_build/c_hardware/SPL/src/stm32f4xx_tim.o
TIM_InternalClockConfig                           z_build/c_hardware/SPL/src/stm32f4xx_tim.o
TIM_OC1FastConfig                                 z_build/c_hardware/SPL/src/stm32f4xx_tim.o
TIM_OC1Init                                       z_build/c_hardware/SPL/src/stm32f4xx_tim.o
TIM_OC1NPolarityConfig                            z_build/c_hardware/SPL/src/stm32f4xx_tim.o
TIM_OC1PolarityConfig                             z_build/c_hardware/SPL/src/stm32f4xx_tim.o
TIM_OC1PreloadConfig                              z_build/c_hardware/SPL/src/stm32f4xx_tim.o
TIM_OC2FastConfig                                 z_build/c_hardware/SPL/src/stm32f4xx_tim.o
TIM_OC2Init                                       z_build/c_hardware/SPL/src/stm32f4xx_tim.o
TIM_OC2NPolarityConfig                            z_build/c_hardware/SPL/src/stm32f4xx_tim.o
TIM_OC2PolarityConfig                             z_build/c_hardware/SPL/src/stm32f4xx_tim.o
TIM_OC2PreloadConfig                              z_build/c_hardware/SPL/src/stm32f4xx_tim.o
TIM_OC3FastConfig                                 z_build/c_hardware/SPL/src/stm32f4xx_tim.o
TIM_OC3Init                                       z_build/c_hardware/SPL/src/stm32f4xx_tim.o
TIM_OC3NPolarityConfig                            z_build/c_hardware/SPL/src/stm32f4xx_tim.o
TIM_OC3PolarityConfig                             z_build/c_hardware/SPL/src/stm32f4xx_tim.o
TIM_OC3PreloadConfig                              z_build/c_hardware/SPL/src/stm32f4xx_tim.o
TIM_OC4FastConfig                                 z_build/c_hardware/SPL/src/stm32f4xx_tim.o
TIM_OC4Init                                       z_build/c_hardware/SPL/src/stm32f4xx_tim.o
TIM_OC4PolarityConfig                             z_build/c_hardware/SPL/src/stm32f4xx_tim.o
TIM_OC4PreloadConfig                              z_build/c_hardware/SPL/src/stm32f4xx_tim.o
TIM_OCStructInit                                  z_build/c_hardware/SPL/src/stm32f4xx_tim.o
TIM_PWMIConfig                                    z_build/c_hardware/SPL/src/stm32f4xx_tim.o
TIM_PrescalerConfig                               z_build/c_hardware/SPL/src/stm32f4xx_tim.o
TIM_RemapConfig                                   z_build/c_hardware/SPL/src/stm32f4xx_tim.o
TIM_SelectCCDMA                                   z_build/c_hardware/SPL/src/stm32f4xx_tim.o
TIM_SelectCOM                                     z_build/c_hardware/SPL/src/stm32f4xx_tim.o
TIM_SelectHallSensor                              z_build/c_hardware/SPL/src/stm32f4xx_tim.o
TIM_SelectInputTrigger                            z_build/c_hardware/SPL/src/stm32f4xx_tim.o
TIM_SelectMasterSlaveMode                         z_build/c_hardware/SPL/src/stm32f4xx_tim.o
TIM_SelectOCxM                                    z_build/c_hardware/SPL/src/stm32f4xx_tim.o
TIM_SelectOnePulseMode                            z_build/c_hardware/SPL/src/stm32f4xx_tim.o
TIM_SelectOutputTrigger                           z_build/c_hardware/SPL/src/stm32f4xx_tim.o
TIM_SelectSlaveMode                               z_build/c_hardware/SPL/src/stm32f4xx_tim.o
TIM_SetAutoreload                                 z_build/c_hardware/SPL/src/stm32f4xx_tim.o
TIM_SetClockDivision                              z_build/c_hardware/SPL/src/stm32f4xx_tim.o
TIM_SetCompare1                                   z_build/c_hardware/SPL/src/stm32f4xx_tim.o
TIM_SetCompare2                                   z_build/c_hardware/SPL/src/stm32f4xx_tim.o
TIM_SetCompare3                                   z_build/c_hardware/SPL/src/stm32f4xx_tim.o
TIM_SetCompare4                                   z_build/c_hardware/SPL/src/stm32f4xx_tim.o
TIM_SetCounter                                    z_build/c_hardware/SPL/src/stm32f4xx_tim.o
TIM_SetIC1Prescaler                               z_build/c_hardware/SPL/src/stm32f4xx_tim.o
TIM_SetIC2Prescaler                               z_build/c_hardware/SPL/src/stm32f4xx_tim.o
TIM_SetIC3Prescaler                               z_build/c_hardware/SPL/src/stm32f4xx_tim.o